Archive member included to satisfy reference by file (symbol)

d:/mounriver-mounriver_studio2/mounriver_studio2/resources/app/resources/win32/components/wch/toolchain/risc-v embedded gcc12/bin/../lib/gcc/riscv-wch-elf/12.2.0/rv32ec_zmmul_xw/ilp32e\libgcc.a(save-restore.o)
                              ./User/BLE.o (__riscv_save_2)
d:/mounriver-mounriver_studio2/mounriver_studio2/resources/app/resources/win32/components/wch/toolchain/risc-v embedded gcc12/bin/../lib/gcc/riscv-wch-elf/12.2.0/rv32ec_zmmul_xw/ilp32e\libgcc.a(div.o)
                              ./User/system_ch32v00X.o (__divsi3)

Discarded input sections

 .text          0x0000000000000000        0x0 ./User/BLE.o
 .data          0x0000000000000000        0x0 ./User/BLE.o
 .bss           0x0000000000000000        0x0 ./User/BLE.o
 .text.BLE_SendByte
                0x0000000000000000       0x92 ./User/BLE.o
 .text.BLE_SendData
                0x0000000000000000       0x2c ./User/BLE.o
 .text.BLE_SendString
                0x0000000000000000       0x26 ./User/BLE.o
 .text.BLE_ReadByte
                0x0000000000000000       0x32 ./User/BLE.o
 .text.BLE_ReadData
                0x0000000000000000       0x5e ./User/BLE.o
 .text.BLE_GetRxCount
                0x0000000000000000       0x22 ./User/BLE.o
 .text.BLE_ClearRx
                0x0000000000000000       0x26 ./User/BLE.o
 .text.BLE_IsTxBusy
                0x0000000000000000        0xa ./User/BLE.o
 .text          0x0000000000000000        0x0 ./User/GPS.o
 .data          0x0000000000000000        0x0 ./User/GPS.o
 .bss           0x0000000000000000        0x0 ./User/GPS.o
 .text.GPS_SendByte
                0x0000000000000000       0x92 ./User/GPS.o
 .text.GPS_SendData
                0x0000000000000000       0x2c ./User/GPS.o
 .text.GPS_SendString
                0x0000000000000000       0x26 ./User/GPS.o
 .text.GPS_ReadByte
                0x0000000000000000       0x36 ./User/GPS.o
 .text.GPS_ReadData
                0x0000000000000000       0x62 ./User/GPS.o
 .text.GPS_GetRxCount
                0x0000000000000000       0x22 ./User/GPS.o
 .text.GPS_ClearRx
                0x0000000000000000       0x26 ./User/GPS.o
 .text.GPS_IsTxBusy
                0x0000000000000000        0xa ./User/GPS.o
 .text          0x0000000000000000        0x0 ./User/Tick.o
 .data          0x0000000000000000        0x0 ./User/Tick.o
 .bss           0x0000000000000000        0x0 ./User/Tick.o
 .text.Tick_DelayMs
                0x0000000000000000       0x14 ./User/Tick.o
 .text.Tick_DelayUs
                0x0000000000000000        0xc ./User/Tick.o
 .text          0x0000000000000000        0x0 ./User/ch32v00X_it.o
 .data          0x0000000000000000        0x0 ./User/ch32v00X_it.o
 .bss           0x0000000000000000        0x0 ./User/ch32v00X_it.o
 .text          0x0000000000000000        0x0 ./User/main.o
 .data          0x0000000000000000        0x0 ./User/main.o
 .bss           0x0000000000000000        0x0 ./User/main.o
 .text          0x0000000000000000        0x0 ./User/system_ch32v00X.o
 .data          0x0000000000000000        0x0 ./User/system_ch32v00X.o
 .bss           0x0000000000000000        0x0 ./User/system_ch32v00X.o
 .text          0x0000000000000000        0x0 ./Startup/startup_ch32v00X.o
 .data          0x0000000000000000        0x0 ./Startup/startup_ch32v00X.o
 .bss           0x0000000000000000        0x0 ./Startup/startup_ch32v00X.o
 .text          0x0000000000000000        0x0 ./Peripheral/src/ch32v00X_adc.o
 .data          0x0000000000000000        0x0 ./Peripheral/src/ch32v00X_adc.o
 .bss           0x0000000000000000        0x0 ./Peripheral/src/ch32v00X_adc.o
 .text.ADC_DeInit
                0x0000000000000000       0x3a ./Peripheral/src/ch32v00X_adc.o
 .text.ADC_Init
                0x0000000000000000       0x4e ./Peripheral/src/ch32v00X_adc.o
 .text.ADC_StructInit
                0x0000000000000000       0x1a ./Peripheral/src/ch32v00X_adc.o
 .text.ADC_Cmd  0x0000000000000000       0x10 ./Peripheral/src/ch32v00X_adc.o
 .text.ADC_DMACmd
                0x0000000000000000       0x12 ./Peripheral/src/ch32v00X_adc.o
 .text.ADC_ITConfig
                0x0000000000000000       0x18 ./Peripheral/src/ch32v00X_adc.o
 .text.ADC_SoftwareStartConvCmd
                0x0000000000000000       0x18 ./Peripheral/src/ch32v00X_adc.o
 .text.ADC_GetSoftwareStartConvStatus
                0x0000000000000000        0x8 ./Peripheral/src/ch32v00X_adc.o
 .text.ADC_DiscModeChannelCountConfig
                0x0000000000000000       0x12 ./Peripheral/src/ch32v00X_adc.o
 .text.ADC_DiscModeCmd
                0x0000000000000000       0x1a ./Peripheral/src/ch32v00X_adc.o
 .text.ADC_RegularChannelConfig
                0x0000000000000000       0x8c ./Peripheral/src/ch32v00X_adc.o
 .text.ADC_ExternalTrigConvCmd
                0x0000000000000000       0x18 ./Peripheral/src/ch32v00X_adc.o
 .text.ADC_GetConversionValue
                0x0000000000000000        0x8 ./Peripheral/src/ch32v00X_adc.o
 .text.ADC_AutoInjectedConvCmd
                0x0000000000000000       0x12 ./Peripheral/src/ch32v00X_adc.o
 .text.ADC_InjectedDiscModeCmd
                0x0000000000000000       0x14 ./Peripheral/src/ch32v00X_adc.o
 .text.ADC_ExternalTrigInjectedConvConfig
                0x0000000000000000        0xe ./Peripheral/src/ch32v00X_adc.o
 .text.ADC_ExternalTrigInjectedConvCmd
                0x0000000000000000       0x14 ./Peripheral/src/ch32v00X_adc.o
 .text.ADC_SoftwareStartInjectedConvCmd
                0x0000000000000000       0x18 ./Peripheral/src/ch32v00X_adc.o
 .text.ADC_GetSoftwareStartInjectedConvCmdStatus
                0x0000000000000000        0x8 ./Peripheral/src/ch32v00X_adc.o
 .text.ADC_InjectedChannelConfig
                0x0000000000000000       0x4e ./Peripheral/src/ch32v00X_adc.o
 .text.ADC_InjectedSequencerLengthConfig
                0x0000000000000000       0x14 ./Peripheral/src/ch32v00X_adc.o
 .text.ADC_SetInjectedOffset
                0x0000000000000000       0x14 ./Peripheral/src/ch32v00X_adc.o
 .text.ADC_GetInjectedConversionValue
                0x0000000000000000       0x1c ./Peripheral/src/ch32v00X_adc.o
 .text.ADC_AnalogWatchdogCmd
                0x0000000000000000       0x12 ./Peripheral/src/ch32v00X_adc.o
 .text.ADC_AnalogWatchdogThresholdsConfig
                0x0000000000000000        0x6 ./Peripheral/src/ch32v00X_adc.o
 .text.ADC_AnalogWatchdog1ThresholdsConfig
                0x0000000000000000        0xc ./Peripheral/src/ch32v00X_adc.o
 .text.ADC_AnalogWatchdog2ThresholdsConfig
                0x0000000000000000        0xc ./Peripheral/src/ch32v00X_adc.o
 .text.ADC_AnalogWatchdogSingleChannelConfig
                0x0000000000000000        0xa ./Peripheral/src/ch32v00X_adc.o
 .text.ADC_GetFlagStatus
                0x0000000000000000        0xc ./Peripheral/src/ch32v00X_adc.o
 .text.ADC_ClearFlag
                0x0000000000000000        0x8 ./Peripheral/src/ch32v00X_adc.o
 .text.ADC_GetITStatus
                0x0000000000000000       0x18 ./Peripheral/src/ch32v00X_adc.o
 .text.ADC_ClearITPendingBit
                0x0000000000000000        0xa ./Peripheral/src/ch32v00X_adc.o
 .text.ADC_BufferCmd
                0x0000000000000000       0x18 ./Peripheral/src/ch32v00X_adc.o
 .text.ADC_TKeyCmd
                0x0000000000000000       0x18 ./Peripheral/src/ch32v00X_adc.o
 .text.ADC_Tkey_CurrentConfig
                0x0000000000000000       0x14 ./Peripheral/src/ch32v00X_adc.o
 .text.ADC_RegularExTrigConvConfig
                0x0000000000000000        0xe ./Peripheral/src/ch32v00X_adc.o
 .text.ADC_InjectedExTrigConvConfig
                0x0000000000000000       0x10 ./Peripheral/src/ch32v00X_adc.o
 .text.ADC_TKey_ChannelxMulShieldCmd
                0x0000000000000000       0x18 ./Peripheral/src/ch32v00X_adc.o
 .text.ADC_TKey_MulShieldCmd
                0x0000000000000000       0x10 ./Peripheral/src/ch32v00X_adc.o
 .text.ADC_Sample_ModeConfig
                0x0000000000000000        0xe ./Peripheral/src/ch32v00X_adc.o
 .text.ADC_DutyDelayCmd
                0x0000000000000000       0x10 ./Peripheral/src/ch32v00X_adc.o
 .text.ADC_GetAnalogWatchdogFlagStatus
                0x0000000000000000        0xa ./Peripheral/src/ch32v00X_adc.o
 .text.ADC_ClearAnalogWatchdogFlag
                0x0000000000000000        0xc ./Peripheral/src/ch32v00X_adc.o
 .text.ADC_AnalogWatchdogResetCmd
                0x0000000000000000       0x14 ./Peripheral/src/ch32v00X_adc.o
 .text.ADC_AnalogWatchdogScanCmd
                0x0000000000000000       0x10 ./Peripheral/src/ch32v00X_adc.o
 .debug_info    0x0000000000000000      0xdf6 ./Peripheral/src/ch32v00X_adc.o
 .debug_abbrev  0x0000000000000000      0x1bd ./Peripheral/src/ch32v00X_adc.o
 .debug_loclists
                0x0000000000000000      0x7ab ./Peripheral/src/ch32v00X_adc.o
 .debug_aranges
                0x0000000000000000      0x180 ./Peripheral/src/ch32v00X_adc.o
 .debug_rnglists
                0x0000000000000000      0x1a2 ./Peripheral/src/ch32v00X_adc.o
 .debug_line    0x0000000000000000     0x1440 ./Peripheral/src/ch32v00X_adc.o
 .debug_str     0x0000000000000000      0x8b5 ./Peripheral/src/ch32v00X_adc.o
 .debug_line_str
                0x0000000000000000      0x2ca ./Peripheral/src/ch32v00X_adc.o
 .comment       0x0000000000000000       0x32 ./Peripheral/src/ch32v00X_adc.o
 .debug_frame   0x0000000000000000      0x2fc ./Peripheral/src/ch32v00X_adc.o
 .riscv.attributes
                0x0000000000000000       0x30 ./Peripheral/src/ch32v00X_adc.o
 .text          0x0000000000000000        0x0 ./Peripheral/src/ch32v00X_dbgmcu.o
 .data          0x0000000000000000        0x0 ./Peripheral/src/ch32v00X_dbgmcu.o
 .bss           0x0000000000000000        0x0 ./Peripheral/src/ch32v00X_dbgmcu.o
 .text.DBGMCU_GetREVID
                0x0000000000000000        0xa ./Peripheral/src/ch32v00X_dbgmcu.o
 .text.DBGMCU_GetDEVID
                0x0000000000000000        0xa ./Peripheral/src/ch32v00X_dbgmcu.o
 .text.__get_DEBUG_CR
                0x0000000000000000        0x6 ./Peripheral/src/ch32v00X_dbgmcu.o
 .text.__set_DEBUG_CR
                0x0000000000000000        0x6 ./Peripheral/src/ch32v00X_dbgmcu.o
 .text.DBGMCU_Config
                0x0000000000000000       0x14 ./Peripheral/src/ch32v00X_dbgmcu.o
 .text.DBGMCU_GetCHIPID
                0x0000000000000000        0xa ./Peripheral/src/ch32v00X_dbgmcu.o
 .debug_info    0x0000000000000000      0x1d2 ./Peripheral/src/ch32v00X_dbgmcu.o
 .debug_abbrev  0x0000000000000000      0x170 ./Peripheral/src/ch32v00X_dbgmcu.o
 .debug_loclists
                0x0000000000000000       0x6c ./Peripheral/src/ch32v00X_dbgmcu.o
 .debug_aranges
                0x0000000000000000       0x48 ./Peripheral/src/ch32v00X_dbgmcu.o
 .debug_rnglists
                0x0000000000000000       0x56 ./Peripheral/src/ch32v00X_dbgmcu.o
 .debug_line    0x0000000000000000      0x190 ./Peripheral/src/ch32v00X_dbgmcu.o
 .debug_str     0x0000000000000000      0x21a ./Peripheral/src/ch32v00X_dbgmcu.o
 .debug_line_str
                0x0000000000000000      0x265 ./Peripheral/src/ch32v00X_dbgmcu.o
 .comment       0x0000000000000000       0x32 ./Peripheral/src/ch32v00X_dbgmcu.o
 .debug_frame   0x0000000000000000       0x70 ./Peripheral/src/ch32v00X_dbgmcu.o
 .riscv.attributes
                0x0000000000000000       0x30 ./Peripheral/src/ch32v00X_dbgmcu.o
 .text          0x0000000000000000        0x0 ./Peripheral/src/ch32v00X_dma.o
 .data          0x0000000000000000        0x0 ./Peripheral/src/ch32v00X_dma.o
 .bss           0x0000000000000000        0x0 ./Peripheral/src/ch32v00X_dma.o
 .text.DMA_DeInit
                0x0000000000000000       0x92 ./Peripheral/src/ch32v00X_dma.o
 .text.DMA_Init
                0x0000000000000000       0x38 ./Peripheral/src/ch32v00X_dma.o
 .text.DMA_StructInit
                0x0000000000000000       0x2e ./Peripheral/src/ch32v00X_dma.o
 .text.DMA_Cmd  0x0000000000000000       0x14 ./Peripheral/src/ch32v00X_dma.o
 .text.DMA_ITConfig
                0x0000000000000000       0x14 ./Peripheral/src/ch32v00X_dma.o
 .text.DMA_SetCurrDataCounter
                0x0000000000000000        0x4 ./Peripheral/src/ch32v00X_dma.o
 .text.DMA_GetCurrDataCounter
                0x0000000000000000        0x8 ./Peripheral/src/ch32v00X_dma.o
 .text.DMA_GetFlagStatus
                0x0000000000000000        0xe ./Peripheral/src/ch32v00X_dma.o
 .text.DMA_ClearFlag
                0x0000000000000000        0x8 ./Peripheral/src/ch32v00X_dma.o
 .text.DMA_GetITStatus
                0x0000000000000000        0x8 ./Peripheral/src/ch32v00X_dma.o
 .text.DMA_ClearITPendingBit
                0x0000000000000000        0x8 ./Peripheral/src/ch32v00X_dma.o
 .debug_info    0x0000000000000000      0x430 ./Peripheral/src/ch32v00X_dma.o
 .debug_abbrev  0x0000000000000000      0x18d ./Peripheral/src/ch32v00X_dma.o
 .debug_loclists
                0x0000000000000000      0x113 ./Peripheral/src/ch32v00X_dma.o
 .debug_aranges
                0x0000000000000000       0x70 ./Peripheral/src/ch32v00X_dma.o
 .debug_rnglists
                0x0000000000000000       0x70 ./Peripheral/src/ch32v00X_dma.o
 .debug_line    0x0000000000000000      0x5bc ./Peripheral/src/ch32v00X_dma.o
 .debug_str     0x0000000000000000      0x3ca ./Peripheral/src/ch32v00X_dma.o
 .debug_line_str
                0x0000000000000000      0x2bb ./Peripheral/src/ch32v00X_dma.o
 .comment       0x0000000000000000       0x32 ./Peripheral/src/ch32v00X_dma.o
 .debug_frame   0x0000000000000000       0xc0 ./Peripheral/src/ch32v00X_dma.o
 .riscv.attributes
                0x0000000000000000       0x30 ./Peripheral/src/ch32v00X_dma.o
 .text          0x0000000000000000        0x0 ./Peripheral/src/ch32v00X_exti.o
 .data          0x0000000000000000        0x0 ./Peripheral/src/ch32v00X_exti.o
 .bss           0x0000000000000000        0x0 ./Peripheral/src/ch32v00X_exti.o
 .text.EXTI_DeInit
                0x0000000000000000       0x22 ./Peripheral/src/ch32v00X_exti.o
 .text.EXTI_Init
                0x0000000000000000       0x62 ./Peripheral/src/ch32v00X_exti.o
 .text.EXTI_StructInit
                0x0000000000000000       0x12 ./Peripheral/src/ch32v00X_exti.o
 .text.EXTI_GenerateSWInterrupt
                0x0000000000000000       0x10 ./Peripheral/src/ch32v00X_exti.o
 .text.EXTI_GetFlagStatus
                0x0000000000000000       0x12 ./Peripheral/src/ch32v00X_exti.o
 .text.EXTI_ClearFlag
                0x0000000000000000        0xc ./Peripheral/src/ch32v00X_exti.o
 .text.EXTI_GetITStatus
                0x0000000000000000       0x1a ./Peripheral/src/ch32v00X_exti.o
 .text.EXTI_ClearITPendingBit
                0x0000000000000000        0xc ./Peripheral/src/ch32v00X_exti.o
 .debug_info    0x0000000000000000      0x338 ./Peripheral/src/ch32v00X_exti.o
 .debug_abbrev  0x0000000000000000      0x17c ./Peripheral/src/ch32v00X_exti.o
 .debug_loclists
                0x0000000000000000      0x118 ./Peripheral/src/ch32v00X_exti.o
 .debug_aranges
                0x0000000000000000       0x58 ./Peripheral/src/ch32v00X_exti.o
 .debug_rnglists
                0x0000000000000000       0x55 ./Peripheral/src/ch32v00X_exti.o
 .debug_line    0x0000000000000000      0x408 ./Peripheral/src/ch32v00X_exti.o
 .debug_str     0x0000000000000000      0x363 ./Peripheral/src/ch32v00X_exti.o
 .debug_line_str
                0x0000000000000000      0x2bf ./Peripheral/src/ch32v00X_exti.o
 .comment       0x0000000000000000       0x32 ./Peripheral/src/ch32v00X_exti.o
 .debug_frame   0x0000000000000000       0x90 ./Peripheral/src/ch32v00X_exti.o
 .riscv.attributes
                0x0000000000000000       0x30 ./Peripheral/src/ch32v00X_exti.o
 .text          0x0000000000000000        0x0 ./Peripheral/src/ch32v00X_flash.o
 .data          0x0000000000000000        0x0 ./Peripheral/src/ch32v00X_flash.o
 .bss           0x0000000000000000        0x0 ./Peripheral/src/ch32v00X_flash.o
 .text.ROM_ERASE
                0x0000000000000000       0xae ./Peripheral/src/ch32v00X_flash.o
 .text.FLASH_ProgramPage_Fast.part.0
                0x0000000000000000       0x34 ./Peripheral/src/ch32v00X_flash.o
 .text.FLASH_SetLatency
                0x0000000000000000        0xe ./Peripheral/src/ch32v00X_flash.o
 .text.FLASH_Unlock
                0x0000000000000000       0x1a ./Peripheral/src/ch32v00X_flash.o
 .text.FLASH_Lock
                0x0000000000000000        0xe ./Peripheral/src/ch32v00X_flash.o
 .text.FLASH_GetUserOptionByte
                0x0000000000000000        0xa ./Peripheral/src/ch32v00X_flash.o
 .text.FLASH_GetWriteProtectionOptionByte
                0x0000000000000000        0x8 ./Peripheral/src/ch32v00X_flash.o
 .text.FLASH_GetReadOutProtectionStatus
                0x0000000000000000        0xc ./Peripheral/src/ch32v00X_flash.o
 .text.FLASH_ITConfig
                0x0000000000000000       0x1e ./Peripheral/src/ch32v00X_flash.o
 .text.FLASH_GetFlagStatus
                0x0000000000000000       0x1e ./Peripheral/src/ch32v00X_flash.o
 .text.FLASH_ClearFlag
                0x0000000000000000       0x1e ./Peripheral/src/ch32v00X_flash.o
 .text.FLASH_GetStatus
                0x0000000000000000       0x16 ./Peripheral/src/ch32v00X_flash.o
 .text.FLASH_GetBank1Status
                0x0000000000000000       0x16 ./Peripheral/src/ch32v00X_flash.o
 .text.FLASH_WaitForLastOperation
                0x0000000000000000       0x34 ./Peripheral/src/ch32v00X_flash.o
 .text.FLASH_ErasePage
                0x0000000000000000       0x58 ./Peripheral/src/ch32v00X_flash.o
 .text.FLASH_EraseAllPages
                0x0000000000000000       0x54 ./Peripheral/src/ch32v00X_flash.o
 .text.FLASH_EraseOptionBytes
                0x0000000000000000       0x82 ./Peripheral/src/ch32v00X_flash.o
 .text.FLASH_WaitForLastBank1Operation
                0x0000000000000000        0x8 ./Peripheral/src/ch32v00X_flash.o
 .text.FLASH_Unlock_Fast
                0x0000000000000000       0x1e ./Peripheral/src/ch32v00X_flash.o
 .text.FLASH_Lock_Fast
                0x0000000000000000        0xe ./Peripheral/src/ch32v00X_flash.o
 .text.FLASH_BufReset
                0x0000000000000000       0x34 ./Peripheral/src/ch32v00X_flash.o
 .text.FLASH_BufLoad
                0x0000000000000000       0x54 ./Peripheral/src/ch32v00X_flash.o
 .text.FLASH_OptionBytePR
                0x0000000000000000       0x68 ./Peripheral/src/ch32v00X_flash.o
 .text.FLASH_EnableWriteProtection
                0x0000000000000000       0xa0 ./Peripheral/src/ch32v00X_flash.o
 .text.FLASH_EnableReadOutProtection
                0x0000000000000000       0x64 ./Peripheral/src/ch32v00X_flash.o
 .text.FLASH_UserOptionByteConfig
                0x0000000000000000       0x68 ./Peripheral/src/ch32v00X_flash.o
 .text.FLASH_ErasePage_Fast
                0x0000000000000000       0x42 ./Peripheral/src/ch32v00X_flash.o
 .text.FLASH_EraseBlock_32K_Fast
                0x0000000000000000       0x3c ./Peripheral/src/ch32v00X_flash.o
 .text.FLASH_ProgramPage_Fast
                0x0000000000000000       0x22 ./Peripheral/src/ch32v00X_flash.o
 .text.SystemReset_StartMode
                0x0000000000000000       0x50 ./Peripheral/src/ch32v00X_flash.o
 .text.FLASH_ROM_ERASE
                0x0000000000000000      0x1ca ./Peripheral/src/ch32v00X_flash.o
 .text.FLASH_ROM_WRITE
                0x0000000000000000       0xf6 ./Peripheral/src/ch32v00X_flash.o
 .debug_info    0x0000000000000000      0xb4c ./Peripheral/src/ch32v00X_flash.o
 .debug_abbrev  0x0000000000000000      0x3af ./Peripheral/src/ch32v00X_flash.o
 .debug_loclists
                0x0000000000000000      0xa88 ./Peripheral/src/ch32v00X_flash.o
 .debug_aranges
                0x0000000000000000      0x118 ./Peripheral/src/ch32v00X_flash.o
 .debug_rnglists
                0x0000000000000000      0x12d ./Peripheral/src/ch32v00X_flash.o
 .debug_line    0x0000000000000000     0x1cc9 ./Peripheral/src/ch32v00X_flash.o
 .debug_str     0x0000000000000000      0x67b ./Peripheral/src/ch32v00X_flash.o
 .debug_line_str
                0x0000000000000000      0x2c3 ./Peripheral/src/ch32v00X_flash.o
 .comment       0x0000000000000000       0x32 ./Peripheral/src/ch32v00X_flash.o
 .debug_frame   0x0000000000000000      0x2e8 ./Peripheral/src/ch32v00X_flash.o
 .riscv.attributes
                0x0000000000000000       0x30 ./Peripheral/src/ch32v00X_flash.o
 .text          0x0000000000000000        0x0 ./Peripheral/src/ch32v00X_gpio.o
 .data          0x0000000000000000        0x0 ./Peripheral/src/ch32v00X_gpio.o
 .bss           0x0000000000000000        0x0 ./Peripheral/src/ch32v00X_gpio.o
 .text.GPIO_DeInit
                0x0000000000000000       0x82 ./Peripheral/src/ch32v00X_gpio.o
 .text.GPIO_AFIODeInit
                0x0000000000000000       0x28 ./Peripheral/src/ch32v00X_gpio.o
 .text.GPIO_StructInit
                0x0000000000000000       0x10 ./Peripheral/src/ch32v00X_gpio.o
 .text.GPIO_ReadInputDataBit
                0x0000000000000000        0xc ./Peripheral/src/ch32v00X_gpio.o
 .text.GPIO_ReadInputData
                0x0000000000000000        0x8 ./Peripheral/src/ch32v00X_gpio.o
 .text.GPIO_ReadOutputDataBit
                0x0000000000000000        0xc ./Peripheral/src/ch32v00X_gpio.o
 .text.GPIO_ReadOutputData
                0x0000000000000000        0x8 ./Peripheral/src/ch32v00X_gpio.o
 .text.GPIO_SetBits
                0x0000000000000000        0x4 ./Peripheral/src/ch32v00X_gpio.o
 .text.GPIO_ResetBits
                0x0000000000000000        0x4 ./Peripheral/src/ch32v00X_gpio.o
 .text.GPIO_Write
                0x0000000000000000        0x4 ./Peripheral/src/ch32v00X_gpio.o
 .text.GPIO_PinLockConfig
                0x0000000000000000       0x10 ./Peripheral/src/ch32v00X_gpio.o
 .text.GPIO_EXTILineConfig
                0x0000000000000000       0x22 ./Peripheral/src/ch32v00X_gpio.o
 .text          0x0000000000000000        0x0 ./Peripheral/src/ch32v00X_i2c.o
 .data          0x0000000000000000        0x0 ./Peripheral/src/ch32v00X_i2c.o
 .bss           0x0000000000000000        0x0 ./Peripheral/src/ch32v00X_i2c.o
 .text.I2C_DeInit
                0x0000000000000000       0x3a ./Peripheral/src/ch32v00X_i2c.o
 .text.I2C_Init
                0x0000000000000000       0xfc ./Peripheral/src/ch32v00X_i2c.o
 .text.I2C_StructInit
                0x0000000000000000       0x18 ./Peripheral/src/ch32v00X_i2c.o
 .text.I2C_Cmd  0x0000000000000000       0x18 ./Peripheral/src/ch32v00X_i2c.o
 .text.I2C_DMACmd
                0x0000000000000000       0x1e ./Peripheral/src/ch32v00X_i2c.o
 .text.I2C_DMALastTransferCmd
                0x0000000000000000       0x14 ./Peripheral/src/ch32v00X_i2c.o
 .text.I2C_GenerateSTART
                0x0000000000000000       0x1a ./Peripheral/src/ch32v00X_i2c.o
 .text.I2C_GenerateSTOP
                0x0000000000000000       0x1a ./Peripheral/src/ch32v00X_i2c.o
 .text.I2C_AcknowledgeConfig
                0x0000000000000000       0x1a ./Peripheral/src/ch32v00X_i2c.o
 .text.I2C_OwnAddress2Config
                0x0000000000000000       0x14 ./Peripheral/src/ch32v00X_i2c.o
 .text.I2C_DualAddressCmd
                0x0000000000000000       0x18 ./Peripheral/src/ch32v00X_i2c.o
 .text.I2C_GeneralCallCmd
                0x0000000000000000       0x1a ./Peripheral/src/ch32v00X_i2c.o
 .text.I2C_ITConfig
                0x0000000000000000       0x12 ./Peripheral/src/ch32v00X_i2c.o
 .text.I2C_SendData
                0x0000000000000000        0x4 ./Peripheral/src/ch32v00X_i2c.o
 .text.I2C_ReceiveData
                0x0000000000000000        0x8 ./Peripheral/src/ch32v00X_i2c.o
 .text.I2C_Send7bitAddress
                0x0000000000000000        0xe ./Peripheral/src/ch32v00X_i2c.o
 .text.I2C_ReadRegister
                0x0000000000000000       0x14 ./Peripheral/src/ch32v00X_i2c.o
 .text.I2C_SoftwareResetCmd
                0x0000000000000000       0x12 ./Peripheral/src/ch32v00X_i2c.o
 .text.I2C_NACKPositionConfig
                0x0000000000000000       0x22 ./Peripheral/src/ch32v00X_i2c.o
 .text.I2C_TransmitPEC
                0x0000000000000000       0x14 ./Peripheral/src/ch32v00X_i2c.o
 .text.I2C_PECPositionConfig
                0x0000000000000000        0x8 ./Peripheral/src/ch32v00X_i2c.o
 .text.I2C_CalculatePEC
                0x0000000000000000       0x1a ./Peripheral/src/ch32v00X_i2c.o
 .text.I2C_GetPEC
                0x0000000000000000        0x6 ./Peripheral/src/ch32v00X_i2c.o
 .text.I2C_ARPCmd
                0x0000000000000000       0x18 ./Peripheral/src/ch32v00X_i2c.o
 .text.I2C_StretchClockCmd
                0x0000000000000000       0x1a ./Peripheral/src/ch32v00X_i2c.o
 .text.I2C_FastModeDutyCycleConfig
                0x0000000000000000       0x1a ./Peripheral/src/ch32v00X_i2c.o
 .text.I2C_CheckEvent
                0x0000000000000000       0x16 ./Peripheral/src/ch32v00X_i2c.o
 .text.I2C_GetLastEvent
                0x0000000000000000        0xe ./Peripheral/src/ch32v00X_i2c.o
 .text.I2C_GetFlagStatus
                0x0000000000000000       0x32 ./Peripheral/src/ch32v00X_i2c.o
 .text.I2C_ClearFlag
                0x0000000000000000        0xc ./Peripheral/src/ch32v00X_i2c.o
 .text.I2C_GetITStatus
                0x0000000000000000       0x1c ./Peripheral/src/ch32v00X_i2c.o
 .text.I2C_ClearITPendingBit
                0x0000000000000000        0xc ./Peripheral/src/ch32v00X_i2c.o
 .debug_info    0x0000000000000000      0xb0d ./Peripheral/src/ch32v00X_i2c.o
 .debug_abbrev  0x0000000000000000      0x256 ./Peripheral/src/ch32v00X_i2c.o
 .debug_loclists
                0x0000000000000000      0x5eb ./Peripheral/src/ch32v00X_i2c.o
 .debug_aranges
                0x0000000000000000      0x118 ./Peripheral/src/ch32v00X_i2c.o
 .debug_rnglists
                0x0000000000000000      0x12d ./Peripheral/src/ch32v00X_i2c.o
 .debug_line    0x0000000000000000      0xe9c ./Peripheral/src/ch32v00X_i2c.o
 .debug_str     0x0000000000000000      0x692 ./Peripheral/src/ch32v00X_i2c.o
 .debug_line_str
                0x0000000000000000      0x2ca ./Peripheral/src/ch32v00X_i2c.o
 .comment       0x0000000000000000       0x32 ./Peripheral/src/ch32v00X_i2c.o
 .debug_frame   0x0000000000000000      0x248 ./Peripheral/src/ch32v00X_i2c.o
 .riscv.attributes
                0x0000000000000000       0x30 ./Peripheral/src/ch32v00X_i2c.o
 .text          0x0000000000000000        0x0 ./Peripheral/src/ch32v00X_iwdg.o
 .data          0x0000000000000000        0x0 ./Peripheral/src/ch32v00X_iwdg.o
 .bss           0x0000000000000000        0x0 ./Peripheral/src/ch32v00X_iwdg.o
 .text.IWDG_WriteAccessCmd
                0x0000000000000000        0x8 ./Peripheral/src/ch32v00X_iwdg.o
 .text.IWDG_SetPrescaler
                0x0000000000000000        0x8 ./Peripheral/src/ch32v00X_iwdg.o
 .text.IWDG_SetReload
                0x0000000000000000        0x8 ./Peripheral/src/ch32v00X_iwdg.o
 .text.IWDG_ReloadCounter
                0x0000000000000000        0xe ./Peripheral/src/ch32v00X_iwdg.o
 .text.IWDG_Enable
                0x0000000000000000       0x18 ./Peripheral/src/ch32v00X_iwdg.o
 .text.IWDG_GetFlagStatus
                0x0000000000000000        0xe ./Peripheral/src/ch32v00X_iwdg.o
 .debug_info    0x0000000000000000      0x277 ./Peripheral/src/ch32v00X_iwdg.o
 .debug_abbrev  0x0000000000000000      0x12a ./Peripheral/src/ch32v00X_iwdg.o
 .debug_loclists
                0x0000000000000000       0x66 ./Peripheral/src/ch32v00X_iwdg.o
 .debug_aranges
                0x0000000000000000       0x48 ./Peripheral/src/ch32v00X_iwdg.o
 .debug_rnglists
                0x0000000000000000       0x43 ./Peripheral/src/ch32v00X_iwdg.o
 .debug_line    0x0000000000000000      0x1c0 ./Peripheral/src/ch32v00X_iwdg.o
 .debug_str     0x0000000000000000      0x2ca ./Peripheral/src/ch32v00X_iwdg.o
 .debug_line_str
                0x0000000000000000      0x2af ./Peripheral/src/ch32v00X_iwdg.o
 .comment       0x0000000000000000       0x32 ./Peripheral/src/ch32v00X_iwdg.o
 .debug_frame   0x0000000000000000       0x70 ./Peripheral/src/ch32v00X_iwdg.o
 .riscv.attributes
                0x0000000000000000       0x30 ./Peripheral/src/ch32v00X_iwdg.o
 .text          0x0000000000000000        0x0 ./Peripheral/src/ch32v00X_misc.o
 .data          0x0000000000000000        0x0 ./Peripheral/src/ch32v00X_misc.o
 .bss           0x0000000000000000        0x0 ./Peripheral/src/ch32v00X_misc.o
 .text          0x0000000000000000        0x0 ./Peripheral/src/ch32v00X_opa.o
 .data          0x0000000000000000        0x0 ./Peripheral/src/ch32v00X_opa.o
 .bss           0x0000000000000000        0x0 ./Peripheral/src/ch32v00X_opa.o
 .text.OPA_Unlock
                0x0000000000000000       0x1a ./Peripheral/src/ch32v00X_opa.o
 .text.OPA_Lock
                0x0000000000000000       0x10 ./Peripheral/src/ch32v00X_opa.o
 .text.OPA_CMP_POLL_Lock
                0x0000000000000000       0x1a ./Peripheral/src/ch32v00X_opa.o
 .text.OPA_CMP_Unlock
                0x0000000000000000       0x1a ./Peripheral/src/ch32v00X_opa.o
 .text.OPA_CMP_Lock
                0x0000000000000000       0x10 ./Peripheral/src/ch32v00X_opa.o
 .text.OPA_Init
                0x0000000000000000       0x98 ./Peripheral/src/ch32v00X_opa.o
 .text.OPA_StructInit
                0x0000000000000000       0x52 ./Peripheral/src/ch32v00X_opa.o
 .text.OPA_CMP1_Init
                0x0000000000000000       0x68 ./Peripheral/src/ch32v00X_opa.o
 .text.OPA_CMP1_StructInit
                0x0000000000000000       0x36 ./Peripheral/src/ch32v00X_opa.o
 .text.OPA_Cmd  0x0000000000000000       0x1a ./Peripheral/src/ch32v00X_opa.o
 .text.OPA_CMP_Cmd
                0x0000000000000000       0x28 ./Peripheral/src/ch32v00X_opa.o
 .text.OPA_SystemReset_Cmd
                0x0000000000000000       0x1a ./Peripheral/src/ch32v00X_opa.o
 .text.OPA_CMP_SystemReset_Cmd
                0x0000000000000000       0x28 ./Peripheral/src/ch32v00X_opa.o
 .text.OPA_CMP_FILT_Cmd
                0x0000000000000000       0x28 ./Peripheral/src/ch32v00X_opa.o
 .text.OPA_CMP_FILT_LEN_Config
                0x0000000000000000       0x18 ./Peripheral/src/ch32v00X_opa.o
 .text.OPA_CMP_TIM1_BKINConfig
                0x0000000000000000       0x18 ./Peripheral/src/ch32v00X_opa.o
 .text.OPA_GetFlagStatus
                0x0000000000000000        0xe ./Peripheral/src/ch32v00X_opa.o
 .text.OPA_CMP_GetFlagStatus
                0x0000000000000000        0xe ./Peripheral/src/ch32v00X_opa.o
 .text.OPA_ClearFlag
                0x0000000000000000       0x10 ./Peripheral/src/ch32v00X_opa.o
 .text.OPA_CMP_ClearFlag
                0x0000000000000000       0x10 ./Peripheral/src/ch32v00X_opa.o
 .text.OPA_SoftwareStartPollCmd
                0x0000000000000000       0x24 ./Peripheral/src/ch32v00X_opa.o
 .debug_info    0x0000000000000000      0xba9 ./Peripheral/src/ch32v00X_opa.o
 .debug_abbrev  0x0000000000000000      0x1cc ./Peripheral/src/ch32v00X_opa.o
 .debug_loclists
                0x0000000000000000      0x1e6 ./Peripheral/src/ch32v00X_opa.o
 .debug_aranges
                0x0000000000000000       0xc0 ./Peripheral/src/ch32v00X_opa.o
 .debug_rnglists
                0x0000000000000000       0xca ./Peripheral/src/ch32v00X_opa.o
 .debug_line    0x0000000000000000      0xaca ./Peripheral/src/ch32v00X_opa.o
 .debug_str     0x0000000000000000      0xc3d ./Peripheral/src/ch32v00X_opa.o
 .debug_line_str
                0x0000000000000000      0x2bb ./Peripheral/src/ch32v00X_opa.o
 .comment       0x0000000000000000       0x32 ./Peripheral/src/ch32v00X_opa.o
 .debug_frame   0x0000000000000000      0x160 ./Peripheral/src/ch32v00X_opa.o
 .riscv.attributes
                0x0000000000000000       0x30 ./Peripheral/src/ch32v00X_opa.o
 .text          0x0000000000000000        0x0 ./Peripheral/src/ch32v00X_pwr.o
 .data          0x0000000000000000        0x0 ./Peripheral/src/ch32v00X_pwr.o
 .bss           0x0000000000000000        0x0 ./Peripheral/src/ch32v00X_pwr.o
 .text.PWR_DeInit
                0x0000000000000000       0x2c ./Peripheral/src/ch32v00X_pwr.o
 .text.PWR_PVDCmd
                0x0000000000000000       0x14 ./Peripheral/src/ch32v00X_pwr.o
 .text.PWR_PVDLevelConfig
                0x0000000000000000       0x10 ./Peripheral/src/ch32v00X_pwr.o
 .text.PWR_AutoWakeUpCmd
                0x0000000000000000       0x14 ./Peripheral/src/ch32v00X_pwr.o
 .text.PWR_AWU_SetPrescaler
                0x0000000000000000        0xe ./Peripheral/src/ch32v00X_pwr.o
 .text.PWR_AWU_SetWindowValue
                0x0000000000000000       0x1e ./Peripheral/src/ch32v00X_pwr.o
 .text.PWR_EnterSTANDBYMode
                0x0000000000000000       0xaa ./Peripheral/src/ch32v00X_pwr.o
 .text.PWR_GetFlagStatus
                0x0000000000000000        0xe ./Peripheral/src/ch32v00X_pwr.o
 .text.PWR_FLASH_LP_Cmd
                0x0000000000000000       0x22 ./Peripheral/src/ch32v00X_pwr.o
 .debug_info    0x0000000000000000      0x5bd ./Peripheral/src/ch32v00X_pwr.o
 .debug_abbrev  0x0000000000000000      0x220 ./Peripheral/src/ch32v00X_pwr.o
 .debug_loclists
                0x0000000000000000       0xcc ./Peripheral/src/ch32v00X_pwr.o
 .debug_aranges
                0x0000000000000000       0x60 ./Peripheral/src/ch32v00X_pwr.o
 .debug_rnglists
                0x0000000000000000       0x5e ./Peripheral/src/ch32v00X_pwr.o
 .debug_line    0x0000000000000000      0x531 ./Peripheral/src/ch32v00X_pwr.o
 .debug_str     0x0000000000000000      0x3dd ./Peripheral/src/ch32v00X_pwr.o
 .debug_line_str
                0x0000000000000000      0x2bb ./Peripheral/src/ch32v00X_pwr.o
 .comment       0x0000000000000000       0x32 ./Peripheral/src/ch32v00X_pwr.o
 .debug_frame   0x0000000000000000       0xb4 ./Peripheral/src/ch32v00X_pwr.o
 .riscv.attributes
                0x0000000000000000       0x30 ./Peripheral/src/ch32v00X_pwr.o
 .text          0x0000000000000000        0x0 ./Peripheral/src/ch32v00X_rcc.o
 .data          0x0000000000000000        0x0 ./Peripheral/src/ch32v00X_rcc.o
 .bss           0x0000000000000000        0x0 ./Peripheral/src/ch32v00X_rcc.o
 .text.RCC_DeInit
                0x0000000000000000       0x4e ./Peripheral/src/ch32v00X_rcc.o
 .text.RCC_HSEConfig
                0x0000000000000000       0x3c ./Peripheral/src/ch32v00X_rcc.o
 .text.RCC_AdjustHSICalibrationValue
                0x0000000000000000       0x12 ./Peripheral/src/ch32v00X_rcc.o
 .text.RCC_HSICmd
                0x0000000000000000       0x14 ./Peripheral/src/ch32v00X_rcc.o
 .text.RCC_PLLConfig
                0x0000000000000000       0x12 ./Peripheral/src/ch32v00X_rcc.o
 .text.RCC_PLLCmd
                0x0000000000000000       0x24 ./Peripheral/src/ch32v00X_rcc.o
 .text.RCC_SYSCLKConfig
                0x0000000000000000        0xe ./Peripheral/src/ch32v00X_rcc.o
 .text.RCC_GetSYSCLKSource
                0x0000000000000000        0xa ./Peripheral/src/ch32v00X_rcc.o
 .text.RCC_HCLKConfig
                0x0000000000000000       0x10 ./Peripheral/src/ch32v00X_rcc.o
 .text.RCC_ITConfig
                0x0000000000000000       0x16 ./Peripheral/src/ch32v00X_rcc.o
 .text.RCC_ADCCLKConfig
                0x0000000000000000       0x16 ./Peripheral/src/ch32v00X_rcc.o
 .text.RCC_LSICmd
                0x0000000000000000       0x14 ./Peripheral/src/ch32v00X_rcc.o
 .text.RCC_HBPeriphClockCmd
                0x0000000000000000       0x1e ./Peripheral/src/ch32v00X_rcc.o
 .text.RCC_PB1PeriphClockCmd
                0x0000000000000000       0x1e ./Peripheral/src/ch32v00X_rcc.o
 .text.RCC_PB2PeriphResetCmd
                0x0000000000000000       0x1e ./Peripheral/src/ch32v00X_rcc.o
 .text.RCC_PB1PeriphResetCmd
                0x0000000000000000       0x1e ./Peripheral/src/ch32v00X_rcc.o
 .text.RCC_ClockSecuritySystemCmd
                0x0000000000000000       0x24 ./Peripheral/src/ch32v00X_rcc.o
 .text.RCC_MCOConfig
                0x0000000000000000        0x8 ./Peripheral/src/ch32v00X_rcc.o
 .text.RCC_GetFlagStatus
                0x0000000000000000       0x20 ./Peripheral/src/ch32v00X_rcc.o
 .text.RCC_WaitForHSEStartUp
                0x0000000000000000       0x42 ./Peripheral/src/ch32v00X_rcc.o
 .text.RCC_ClearFlag
                0x0000000000000000       0x10 ./Peripheral/src/ch32v00X_rcc.o
 .text.RCC_GetITStatus
                0x0000000000000000       0x18 ./Peripheral/src/ch32v00X_rcc.o
 .text.RCC_ClearITPendingBit
                0x0000000000000000       0x1c ./Peripheral/src/ch32v00X_rcc.o
 .text.RCC_ClockMonitorCmd
                0x0000000000000000       0x24 ./Peripheral/src/ch32v00X_rcc.o
 .text.RCC_HSE_LP_Cmd
                0x0000000000000000       0x24 ./Peripheral/src/ch32v00X_rcc.o
 .text.RCC_HSI_LP_Cmd
                0x0000000000000000       0x14 ./Peripheral/src/ch32v00X_rcc.o
 .text.RCC_HSECurrentConfig
                0x0000000000000000       0x18 ./Peripheral/src/ch32v00X_rcc.o
 .text.RCC_ADCCLKDutyCycleConfig
                0x0000000000000000       0x18 ./Peripheral/src/ch32v00X_rcc.o
 .text          0x0000000000000000        0x0 ./Peripheral/src/ch32v00X_spi.o
 .data          0x0000000000000000        0x0 ./Peripheral/src/ch32v00X_spi.o
 .bss           0x0000000000000000        0x0 ./Peripheral/src/ch32v00X_spi.o
 .text.SPI_I2S_DeInit
                0x0000000000000000       0x32 ./Peripheral/src/ch32v00X_spi.o
 .text.SPI_Init
                0x0000000000000000       0x34 ./Peripheral/src/ch32v00X_spi.o
 .text.SPI_StructInit
                0x0000000000000000       0x22 ./Peripheral/src/ch32v00X_spi.o
 .text.SPI_Cmd  0x0000000000000000       0x1a ./Peripheral/src/ch32v00X_spi.o
 .text.SPI_I2S_ITConfig
                0x0000000000000000       0x1e ./Peripheral/src/ch32v00X_spi.o
 .text.SPI_I2S_DMACmd
                0x0000000000000000       0x12 ./Peripheral/src/ch32v00X_spi.o
 .text.SPI_I2S_SendData
                0x0000000000000000        0x4 ./Peripheral/src/ch32v00X_spi.o
 .text.SPI_I2S_ReceiveData
                0x0000000000000000        0x4 ./Peripheral/src/ch32v00X_spi.o
 .text.SPI_NSSInternalSoftwareConfig
                0x0000000000000000       0x24 ./Peripheral/src/ch32v00X_spi.o
 .text.SPI_SSOutputCmd
                0x0000000000000000       0x18 ./Peripheral/src/ch32v00X_spi.o
 .text.SPI_DataSizeConfig
                0x0000000000000000       0x14 ./Peripheral/src/ch32v00X_spi.o
 .text.SPI_TransmitCRC
                0x0000000000000000        0xa ./Peripheral/src/ch32v00X_spi.o
 .text.SPI_CalculateCRC
                0x0000000000000000       0x14 ./Peripheral/src/ch32v00X_spi.o
 .text.SPI_GetCRC
                0x0000000000000000       0x12 ./Peripheral/src/ch32v00X_spi.o
 .text.SPI_GetCRCPolynomial
                0x0000000000000000        0x4 ./Peripheral/src/ch32v00X_spi.o
 .text.SPI_BiDirectionalLineConfig
                0x0000000000000000       0x1a ./Peripheral/src/ch32v00X_spi.o
 .text.SPI_HS_RX_Cmd
                0x0000000000000000       0x18 ./Peripheral/src/ch32v00X_spi.o
 .text.SPI_I2S_GetFlagStatus
                0x0000000000000000        0xa ./Peripheral/src/ch32v00X_spi.o
 .text.SPI_I2S_ClearFlag
                0x0000000000000000        0xc ./Peripheral/src/ch32v00X_spi.o
 .text.SPI_I2S_GetITStatus
                0x0000000000000000       0x2a ./Peripheral/src/ch32v00X_spi.o
 .text.SPI_I2S_ClearITPendingBit
                0x0000000000000000       0x14 ./Peripheral/src/ch32v00X_spi.o
 .debug_info    0x0000000000000000      0x769 ./Peripheral/src/ch32v00X_spi.o
 .debug_abbrev  0x0000000000000000      0x20a ./Peripheral/src/ch32v00X_spi.o
 .debug_loclists
                0x0000000000000000      0x3d8 ./Peripheral/src/ch32v00X_spi.o
 .debug_aranges
                0x0000000000000000       0xc0 ./Peripheral/src/ch32v00X_spi.o
 .debug_rnglists
                0x0000000000000000       0xca ./Peripheral/src/ch32v00X_spi.o
 .debug_line    0x0000000000000000      0x827 ./Peripheral/src/ch32v00X_spi.o
 .debug_str     0x0000000000000000      0x51d ./Peripheral/src/ch32v00X_spi.o
 .debug_line_str
                0x0000000000000000      0x2ca ./Peripheral/src/ch32v00X_spi.o
 .comment       0x0000000000000000       0x32 ./Peripheral/src/ch32v00X_spi.o
 .debug_frame   0x0000000000000000      0x16c ./Peripheral/src/ch32v00X_spi.o
 .riscv.attributes
                0x0000000000000000       0x30 ./Peripheral/src/ch32v00X_spi.o
 .text          0x0000000000000000        0x0 ./Peripheral/src/ch32v00X_tim.o
 .data          0x0000000000000000        0x0 ./Peripheral/src/ch32v00X_tim.o
 .bss           0x0000000000000000        0x0 ./Peripheral/src/ch32v00X_tim.o
 .text.TI1_Config
                0x0000000000000000       0x56 ./Peripheral/src/ch32v00X_tim.o
 .text.TI2_Config
                0x0000000000000000       0x66 ./Peripheral/src/ch32v00X_tim.o
 .text.TIM_DeInit
                0x0000000000000000       0x7a ./Peripheral/src/ch32v00X_tim.o
 .text.TIM_TimeBaseInit
                0x0000000000000000       0x6c ./Peripheral/src/ch32v00X_tim.o
 .text.TIM_OC1Init
                0x0000000000000000       0xa8 ./Peripheral/src/ch32v00X_tim.o
 .text.TIM_OC2Init
                0x0000000000000000       0xd8 ./Peripheral/src/ch32v00X_tim.o
 .text.TIM_OC3Init
                0x0000000000000000       0x94 ./Peripheral/src/ch32v00X_tim.o
 .text.TIM_OC4Init
                0x0000000000000000       0x68 ./Peripheral/src/ch32v00X_tim.o
 .text.TIM_BDTRConfig
                0x0000000000000000       0x20 ./Peripheral/src/ch32v00X_tim.o
 .text.TIM_TimeBaseStructInit
                0x0000000000000000       0x16 ./Peripheral/src/ch32v00X_tim.o
 .text.TIM_OCStructInit
                0x0000000000000000       0x22 ./Peripheral/src/ch32v00X_tim.o
 .text.TIM_ICStructInit
                0x0000000000000000       0x16 ./Peripheral/src/ch32v00X_tim.o
 .text.TIM_BDTRStructInit
                0x0000000000000000       0x1e ./Peripheral/src/ch32v00X_tim.o
 .text.TIM_Cmd  0x0000000000000000       0x56 ./Peripheral/src/ch32v00X_tim.o
 .text.TIM_CtrlPWMOutputs
                0x0000000000000000       0x16 ./Peripheral/src/ch32v00X_tim.o
 .text.TIM_ITConfig
                0x0000000000000000       0x12 ./Peripheral/src/ch32v00X_tim.o
 .text.TIM_GenerateEvent
                0x0000000000000000        0x4 ./Peripheral/src/ch32v00X_tim.o
 .text.TIM_DMAConfig
                0x0000000000000000        0x8 ./Peripheral/src/ch32v00X_tim.o
 .text.TIM_DMACmd
                0x0000000000000000       0x60 ./Peripheral/src/ch32v00X_tim.o
 .text.TIM_InternalClockConfig
                0x0000000000000000       0x42 ./Peripheral/src/ch32v00X_tim.o
 .text.TIM_ITRxExternalClockConfig
                0x0000000000000000       0x18 ./Peripheral/src/ch32v00X_tim.o
 .text.TIM_TIxExternalClockConfig
                0x0000000000000000       0x48 ./Peripheral/src/ch32v00X_tim.o
 .text.TIM_ETRConfig
                0x0000000000000000       0x16 ./Peripheral/src/ch32v00X_tim.o
 .text.TIM_ETRClockMode1Config
                0x0000000000000000       0x2a ./Peripheral/src/ch32v00X_tim.o
 .text.TIM_ETRClockMode2Config
                0x0000000000000000       0x22 ./Peripheral/src/ch32v00X_tim.o
 .text.TIM_PrescalerConfig
                0x0000000000000000        0x6 ./Peripheral/src/ch32v00X_tim.o
 .text.TIM_CounterModeConfig
                0x0000000000000000       0x32 ./Peripheral/src/ch32v00X_tim.o
 .text.TIM_SelectInputTrigger
                0x0000000000000000       0x10 ./Peripheral/src/ch32v00X_tim.o
 .text.TIM_EncoderInterfaceConfig
                0x0000000000000000       0x3e ./Peripheral/src/ch32v00X_tim.o
 .text.TIM_ForcedOC1Config
                0x0000000000000000       0x10 ./Peripheral/src/ch32v00X_tim.o
 .text.TIM_ForcedOC2Config
                0x0000000000000000       0x14 ./Peripheral/src/ch32v00X_tim.o
 .text.TIM_ForcedOC3Config
                0x0000000000000000       0x10 ./Peripheral/src/ch32v00X_tim.o
 .text.TIM_ForcedOC4Config
                0x0000000000000000       0x14 ./Peripheral/src/ch32v00X_tim.o
 .text.TIM_ARRPreloadConfig
                0x0000000000000000       0x58 ./Peripheral/src/ch32v00X_tim.o
 .text.TIM_SelectCOM
                0x0000000000000000       0x18 ./Peripheral/src/ch32v00X_tim.o
 .text.TIM_SelectCCDMA
                0x0000000000000000       0x18 ./Peripheral/src/ch32v00X_tim.o
 .text.TIM_CCPreloadControl
                0x0000000000000000       0x18 ./Peripheral/src/ch32v00X_tim.o
 .text.TIM_OC1PreloadConfig
                0x0000000000000000       0x3e ./Peripheral/src/ch32v00X_tim.o
 .text.TIM_OC2PreloadConfig
                0x0000000000000000       0x46 ./Peripheral/src/ch32v00X_tim.o
 .text.TIM_OC3PreloadConfig
                0x0000000000000000       0x3e ./Peripheral/src/ch32v00X_tim.o
 .text.TIM_OC4PreloadConfig
                0x0000000000000000       0x46 ./Peripheral/src/ch32v00X_tim.o
 .text.TIM_OC1FastConfig
                0x0000000000000000        0xe ./Peripheral/src/ch32v00X_tim.o
 .text.TIM_OC2FastConfig
                0x0000000000000000       0x16 ./Peripheral/src/ch32v00X_tim.o
 .text.TIM_OC3FastConfig
                0x0000000000000000        0xe ./Peripheral/src/ch32v00X_tim.o
 .text.TIM_OC4FastConfig
                0x0000000000000000       0x16 ./Peripheral/src/ch32v00X_tim.o
 .text.TIM_ClearOC1Ref
                0x0000000000000000       0x10 ./Peripheral/src/ch32v00X_tim.o
 .text.TIM_ClearOC2Ref
                0x0000000000000000       0x12 ./Peripheral/src/ch32v00X_tim.o
 .text.TIM_ClearOC3Ref
                0x0000000000000000       0x10 ./Peripheral/src/ch32v00X_tim.o
 .text.TIM_ClearOC4Ref
                0x0000000000000000       0x12 ./Peripheral/src/ch32v00X_tim.o
 .text.TIM_OC1PolarityConfig
                0x0000000000000000        0xe ./Peripheral/src/ch32v00X_tim.o
 .text.TIM_OC1NPolarityConfig
                0x0000000000000000        0xe ./Peripheral/src/ch32v00X_tim.o
 .text.TIM_OC2PolarityConfig
                0x0000000000000000       0x16 ./Peripheral/src/ch32v00X_tim.o
 .text.TIM_OC2NPolarityConfig
                0x0000000000000000       0x16 ./Peripheral/src/ch32v00X_tim.o
 .text.TIM_OC3PolarityConfig
                0x0000000000000000       0x16 ./Peripheral/src/ch32v00X_tim.o
 .text.TIM_OC3NPolarityConfig
                0x0000000000000000       0x16 ./Peripheral/src/ch32v00X_tim.o
 .text.TIM_OC4PolarityConfig
                0x0000000000000000       0x14 ./Peripheral/src/ch32v00X_tim.o
 .text.TIM_CCxCmd
                0x0000000000000000       0x20 ./Peripheral/src/ch32v00X_tim.o
 .text.TIM_CCxNCmd
                0x0000000000000000       0x20 ./Peripheral/src/ch32v00X_tim.o
 .text.TIM_SelectOCxM
                0x0000000000000000       0x50 ./Peripheral/src/ch32v00X_tim.o
 .text.TIM_UpdateDisableConfig
                0x0000000000000000       0x56 ./Peripheral/src/ch32v00X_tim.o
 .text.TIM_UpdateRequestConfig
                0x0000000000000000       0x18 ./Peripheral/src/ch32v00X_tim.o
 .text.TIM_SelectHallSensor
                0x0000000000000000       0x1a ./Peripheral/src/ch32v00X_tim.o
 .text.TIM_SelectOnePulseMode
                0x0000000000000000       0x16 ./Peripheral/src/ch32v00X_tim.o
 .text.TIM_SelectOutputTrigger
                0x0000000000000000       0x18 ./Peripheral/src/ch32v00X_tim.o
 .text.TIM_SelectSlaveMode
                0x0000000000000000       0x54 ./Peripheral/src/ch32v00X_tim.o
 .text.TIM_SelectMasterSlaveMode
                0x0000000000000000       0x18 ./Peripheral/src/ch32v00X_tim.o
 .text.TIM_SetCounter
                0x0000000000000000       0x28 ./Peripheral/src/ch32v00X_tim.o
 .text.TIM_SetAutoreload
                0x0000000000000000       0x28 ./Peripheral/src/ch32v00X_tim.o
 .text.TIM_SetCompare1
                0x0000000000000000       0x28 ./Peripheral/src/ch32v00X_tim.o
 .text.TIM_SetCompare2
                0x0000000000000000       0x28 ./Peripheral/src/ch32v00X_tim.o
 .text.TIM_SetCompare3
                0x0000000000000000       0x28 ./Peripheral/src/ch32v00X_tim.o
 .text.TIM_SetCompare4
                0x0000000000000000       0x28 ./Peripheral/src/ch32v00X_tim.o
 .text.TIM_SetIC1Prescaler
                0x0000000000000000       0x16 ./Peripheral/src/ch32v00X_tim.o
 .text.TIM_SetIC2Prescaler
                0x0000000000000000       0x1a ./Peripheral/src/ch32v00X_tim.o
 .text.TIM_PWMIConfig
                0x0000000000000000       0x9e ./Peripheral/src/ch32v00X_tim.o
 .text.TIM_SetIC3Prescaler
                0x0000000000000000       0x16 ./Peripheral/src/ch32v00X_tim.o
 .text.TIM_SetIC4Prescaler
                0x0000000000000000       0x1a ./Peripheral/src/ch32v00X_tim.o
 .text.TIM_ICInit
                0x0000000000000000      0x132 ./Peripheral/src/ch32v00X_tim.o
 .text.TIM_SetClockDivision
                0x0000000000000000       0x18 ./Peripheral/src/ch32v00X_tim.o
 .text.TIM_GetCapture1
                0x0000000000000000       0x30 ./Peripheral/src/ch32v00X_tim.o
 .text.TIM_GetCapture2
                0x0000000000000000       0x30 ./Peripheral/src/ch32v00X_tim.o
 .text.TIM_GetCapture3
                0x0000000000000000       0x30 ./Peripheral/src/ch32v00X_tim.o
 .text.TIM_GetCapture4
                0x0000000000000000       0x30 ./Peripheral/src/ch32v00X_tim.o
 .text.TIM_GetCounter
                0x0000000000000000       0x30 ./Peripheral/src/ch32v00X_tim.o
 .text.TIM_GetPrescaler
                0x0000000000000000        0x4 ./Peripheral/src/ch32v00X_tim.o
 .text.TIM_GetFlagStatus
                0x0000000000000000        0xa ./Peripheral/src/ch32v00X_tim.o
 .text.TIM_ClearFlag
                0x0000000000000000        0xc ./Peripheral/src/ch32v00X_tim.o
 .text.TIM_GetITStatus
                0x0000000000000000       0x18 ./Peripheral/src/ch32v00X_tim.o
 .text.TIM_ClearITPendingBit
                0x0000000000000000        0xc ./Peripheral/src/ch32v00X_tim.o
 .text.TIM_IndicateCaptureLevelCmd
                0x0000000000000000       0x12 ./Peripheral/src/ch32v00X_tim.o
 .text.TIM_DeadTimeConfig
                0x0000000000000000       0x32 ./Peripheral/src/ch32v00X_tim.o
 .debug_info    0x0000000000000000     0x1fd4 ./Peripheral/src/ch32v00X_tim.o
 .debug_abbrev  0x0000000000000000      0x330 ./Peripheral/src/ch32v00X_tim.o
 .debug_loclists
                0x0000000000000000     0x1312 ./Peripheral/src/ch32v00X_tim.o
 .debug_aranges
                0x0000000000000000      0x2f0 ./Peripheral/src/ch32v00X_tim.o
 .debug_rnglists
                0x0000000000000000      0x340 ./Peripheral/src/ch32v00X_tim.o
 .debug_line    0x0000000000000000     0x39b8 ./Peripheral/src/ch32v00X_tim.o
 .debug_str     0x0000000000000000      0xec3 ./Peripheral/src/ch32v00X_tim.o
 .debug_line_str
                0x0000000000000000      0x2ca ./Peripheral/src/ch32v00X_tim.o
 .comment       0x0000000000000000       0x32 ./Peripheral/src/ch32v00X_tim.o
 .debug_frame   0x0000000000000000      0x628 ./Peripheral/src/ch32v00X_tim.o
 .riscv.attributes
                0x0000000000000000       0x30 ./Peripheral/src/ch32v00X_tim.o
 .text          0x0000000000000000        0x0 ./Peripheral/src/ch32v00X_usart.o
 .data          0x0000000000000000        0x0 ./Peripheral/src/ch32v00X_usart.o
 .bss           0x0000000000000000        0x0 ./Peripheral/src/ch32v00X_usart.o
 .text.USART_DeInit
                0x0000000000000000       0x52 ./Peripheral/src/ch32v00X_usart.o
 .text.USART_StructInit
                0x0000000000000000       0x18 ./Peripheral/src/ch32v00X_usart.o
 .text.USART_DMACmd
                0x0000000000000000       0x12 ./Peripheral/src/ch32v00X_usart.o
 .text.USART_SetAddress
                0x0000000000000000       0x16 ./Peripheral/src/ch32v00X_usart.o
 .text.USART_WakeUpConfig
                0x0000000000000000       0x14 ./Peripheral/src/ch32v00X_usart.o
 .text.USART_ReceiverWakeUpCmd
                0x0000000000000000       0x18 ./Peripheral/src/ch32v00X_usart.o
 .text.USART_LINBreakDetectLengthConfig
                0x0000000000000000       0x18 ./Peripheral/src/ch32v00X_usart.o
 .text.USART_LINCmd
                0x0000000000000000       0x14 ./Peripheral/src/ch32v00X_usart.o
 .text.USART_SendBreak
                0x0000000000000000        0xa ./Peripheral/src/ch32v00X_usart.o
 .text.USART_SetPrescaler
                0x0000000000000000       0x18 ./Peripheral/src/ch32v00X_usart.o
 .text.USART_HalfDuplexCmd
                0x0000000000000000       0x18 ./Peripheral/src/ch32v00X_usart.o
 .text.USART_IrDAConfig
                0x0000000000000000       0x16 ./Peripheral/src/ch32v00X_usart.o
 .text.USART_IrDACmd
                0x0000000000000000       0x18 ./Peripheral/src/ch32v00X_usart.o
 .text.USART_GetFlagStatus
                0x0000000000000000        0xa ./Peripheral/src/ch32v00X_usart.o
 .text.USART_ClearFlag
                0x0000000000000000        0xc ./Peripheral/src/ch32v00X_usart.o
 .text.USART_ClearITPendingBit
                0x0000000000000000       0x14 ./Peripheral/src/ch32v00X_usart.o
 .text          0x0000000000000000        0x0 ./Peripheral/src/ch32v00X_wwdg.o
 .data          0x0000000000000000        0x0 ./Peripheral/src/ch32v00X_wwdg.o
 .bss           0x0000000000000000        0x0 ./Peripheral/src/ch32v00X_wwdg.o
 .text.WWDG_DeInit
                0x0000000000000000       0x2e ./Peripheral/src/ch32v00X_wwdg.o
 .text.WWDG_SetPrescaler
                0x0000000000000000       0x14 ./Peripheral/src/ch32v00X_wwdg.o
 .text.WWDG_SetWindowValue
                0x0000000000000000       0x26 ./Peripheral/src/ch32v00X_wwdg.o
 .text.WWDG_EnableIT
                0x0000000000000000       0x12 ./Peripheral/src/ch32v00X_wwdg.o
 .text.WWDG_SetCounter
                0x0000000000000000        0xe ./Peripheral/src/ch32v00X_wwdg.o
 .text.WWDG_Enable
                0x0000000000000000        0xe ./Peripheral/src/ch32v00X_wwdg.o
 .text.WWDG_GetFlagStatus
                0x0000000000000000        0xc ./Peripheral/src/ch32v00X_wwdg.o
 .text.WWDG_ClearFlag
                0x0000000000000000        0xe ./Peripheral/src/ch32v00X_wwdg.o
 .debug_info    0x0000000000000000      0x269 ./Peripheral/src/ch32v00X_wwdg.o
 .debug_abbrev  0x0000000000000000      0x184 ./Peripheral/src/ch32v00X_wwdg.o
 .debug_loclists
                0x0000000000000000       0x72 ./Peripheral/src/ch32v00X_wwdg.o
 .debug_aranges
                0x0000000000000000       0x58 ./Peripheral/src/ch32v00X_wwdg.o
 .debug_rnglists
                0x0000000000000000       0x55 ./Peripheral/src/ch32v00X_wwdg.o
 .debug_line    0x0000000000000000      0x267 ./Peripheral/src/ch32v00X_wwdg.o
 .debug_str     0x0000000000000000      0x297 ./Peripheral/src/ch32v00X_wwdg.o
 .debug_line_str
                0x0000000000000000      0x2be ./Peripheral/src/ch32v00X_wwdg.o
 .comment       0x0000000000000000       0x32 ./Peripheral/src/ch32v00X_wwdg.o
 .debug_frame   0x0000000000000000       0xa4 ./Peripheral/src/ch32v00X_wwdg.o
 .riscv.attributes
                0x0000000000000000       0x30 ./Peripheral/src/ch32v00X_wwdg.o
 .text          0x0000000000000000        0x0 ./Debug/debug.o
 .data          0x0000000000000000        0x0 ./Debug/debug.o
 .bss           0x0000000000000000        0x0 ./Debug/debug.o
 .text.Delay_Init
                0x0000000000000000       0x44 ./Debug/debug.o
 .text.Delay_Us
                0x0000000000000000       0x32 ./Debug/debug.o
 .text.Delay_Ms
                0x0000000000000000       0x32 ./Debug/debug.o
 .text.USART_Printf_Init
                0x0000000000000000       0x74 ./Debug/debug.o
 .text.SDI_Printf_Enable
                0x0000000000000000       0x2a ./Debug/debug.o
 .text._write   0x0000000000000000       0x5a ./Debug/debug.o
 .text._sbrk    0x0000000000000000       0x2e ./Debug/debug.o
 .data.curbrk.0
                0x0000000000000000        0x4 ./Debug/debug.o
 .bss.p_ms      0x0000000000000000        0x2 ./Debug/debug.o
 .bss.p_us      0x0000000000000000        0x1 ./Debug/debug.o
 .debug_info    0x0000000000000000      0x6cf ./Debug/debug.o
 .debug_abbrev  0x0000000000000000      0x283 ./Debug/debug.o
 .debug_loclists
                0x0000000000000000      0x164 ./Debug/debug.o
 .debug_aranges
                0x0000000000000000       0x50 ./Debug/debug.o
 .debug_rnglists
                0x0000000000000000       0x4c ./Debug/debug.o
 .debug_line    0x0000000000000000      0x576 ./Debug/debug.o
 .debug_str     0x0000000000000000      0x50b ./Debug/debug.o
 .debug_line_str
                0x0000000000000000      0x3ae ./Debug/debug.o
 .comment       0x0000000000000000       0x32 ./Debug/debug.o
 .debug_frame   0x0000000000000000       0xc4 ./Debug/debug.o
 .riscv.attributes
                0x0000000000000000       0x30 ./Debug/debug.o
 .text          0x0000000000000000        0x0 ./Core/core_riscv.o
 .data          0x0000000000000000        0x0 ./Core/core_riscv.o
 .bss           0x0000000000000000        0x0 ./Core/core_riscv.o
 .text.__get_MSTATUS
                0x0000000000000000        0x6 ./Core/core_riscv.o
 .text.__set_MSTATUS
                0x0000000000000000        0x6 ./Core/core_riscv.o
 .text.__get_MISA
                0x0000000000000000        0x6 ./Core/core_riscv.o
 .text.__set_MISA
                0x0000000000000000        0x6 ./Core/core_riscv.o
 .text.__get_MTVEC
                0x0000000000000000        0x6 ./Core/core_riscv.o
 .text.__set_MTVEC
                0x0000000000000000        0x6 ./Core/core_riscv.o
 .text.__get_MSCRATCH
                0x0000000000000000        0x6 ./Core/core_riscv.o
 .text.__set_MSCRATCH
                0x0000000000000000        0x6 ./Core/core_riscv.o
 .text.__get_MEPC
                0x0000000000000000        0x6 ./Core/core_riscv.o
 .text.__set_MEPC
                0x0000000000000000        0x6 ./Core/core_riscv.o
 .text.__get_MCAUSE
                0x0000000000000000        0x6 ./Core/core_riscv.o
 .text.__set_MCAUSE
                0x0000000000000000        0x6 ./Core/core_riscv.o
 .text.__get_MVENDORID
                0x0000000000000000        0x6 ./Core/core_riscv.o
 .text.__get_MARCHID
                0x0000000000000000        0x6 ./Core/core_riscv.o
 .text.__get_MIMPID
                0x0000000000000000        0x6 ./Core/core_riscv.o
 .text.__get_MHARTID
                0x0000000000000000        0x6 ./Core/core_riscv.o
 .text.__get_SP
                0x0000000000000000        0x4 ./Core/core_riscv.o
 .debug_info    0x0000000000000000      0x2eb ./Core/core_riscv.o
 .debug_abbrev  0x0000000000000000       0xe5 ./Core/core_riscv.o
 .debug_aranges
                0x0000000000000000       0xa0 ./Core/core_riscv.o
 .debug_rnglists
                0x0000000000000000       0xa6 ./Core/core_riscv.o
 .debug_line    0x0000000000000000      0x332 ./Core/core_riscv.o
 .debug_str     0x0000000000000000      0x25c ./Core/core_riscv.o
 .debug_line_str
                0x0000000000000000      0x1fa ./Core/core_riscv.o
 .comment       0x0000000000000000       0x32 ./Core/core_riscv.o
 .debug_frame   0x0000000000000000      0x120 ./Core/core_riscv.o
 .riscv.attributes
                0x0000000000000000       0x30 ./Core/core_riscv.o
 .data          0x0000000000000000        0x0 d:/mounriver-mounriver_studio2/mounriver_studio2/resources/app/resources/win32/components/wch/toolchain/risc-v embedded gcc12/bin/../lib/gcc/riscv-wch-elf/12.2.0/rv32ec_zmmul_xw/ilp32e\libgcc.a(save-restore.o)
 .bss           0x0000000000000000        0x0 d:/mounriver-mounriver_studio2/mounriver_studio2/resources/app/resources/win32/components/wch/toolchain/risc-v embedded gcc12/bin/../lib/gcc/riscv-wch-elf/12.2.0/rv32ec_zmmul_xw/ilp32e\libgcc.a(save-restore.o)
 .eh_frame      0x0000000000000000       0x68 d:/mounriver-mounriver_studio2/mounriver_studio2/resources/app/resources/win32/components/wch/toolchain/risc-v embedded gcc12/bin/../lib/gcc/riscv-wch-elf/12.2.0/rv32ec_zmmul_xw/ilp32e\libgcc.a(save-restore.o)
 .data          0x0000000000000000        0x0 d:/mounriver-mounriver_studio2/mounriver_studio2/resources/app/resources/win32/components/wch/toolchain/risc-v embedded gcc12/bin/../lib/gcc/riscv-wch-elf/12.2.0/rv32ec_zmmul_xw/ilp32e\libgcc.a(div.o)
 .bss           0x0000000000000000        0x0 d:/mounriver-mounriver_studio2/mounriver_studio2/resources/app/resources/win32/components/wch/toolchain/risc-v embedded gcc12/bin/../lib/gcc/riscv-wch-elf/12.2.0/rv32ec_zmmul_xw/ilp32e\libgcc.a(div.o)

Memory Configuration

Name             Origin             Length             Attributes
FLASH            0x0000000000000000 0x0000000000008000 xr
RAM              0x0000000020000000 0x0000000000001800 xrw
*default*        0x0000000000000000 0xffffffffffffffff

Linker script and memory map

LOAD ./User/BLE.o
LOAD ./User/GPS.o
LOAD ./User/Tick.o
LOAD ./User/ch32v00X_it.o
LOAD ./User/main.o
LOAD ./User/system_ch32v00X.o
LOAD ./Startup/startup_ch32v00X.o
LOAD ./Peripheral/src/ch32v00X_adc.o
LOAD ./Peripheral/src/ch32v00X_dbgmcu.o
LOAD ./Peripheral/src/ch32v00X_dma.o
LOAD ./Peripheral/src/ch32v00X_exti.o
LOAD ./Peripheral/src/ch32v00X_flash.o
LOAD ./Peripheral/src/ch32v00X_gpio.o
LOAD ./Peripheral/src/ch32v00X_i2c.o
LOAD ./Peripheral/src/ch32v00X_iwdg.o
LOAD ./Peripheral/src/ch32v00X_misc.o
LOAD ./Peripheral/src/ch32v00X_opa.o
LOAD ./Peripheral/src/ch32v00X_pwr.o
LOAD ./Peripheral/src/ch32v00X_rcc.o
LOAD ./Peripheral/src/ch32v00X_spi.o
LOAD ./Peripheral/src/ch32v00X_tim.o
LOAD ./Peripheral/src/ch32v00X_usart.o
LOAD ./Peripheral/src/ch32v00X_wwdg.o
LOAD ./Debug/debug.o
LOAD ./Core/core_riscv.o
LOAD d:/mounriver-mounriver_studio2/mounriver_studio2/resources/app/resources/win32/components/wch/toolchain/risc-v embedded gcc12/bin/../lib/gcc/riscv-wch-elf/12.2.0/../../../../riscv-wch-elf/lib/rv32ec_zmmul_xw/ilp32e\libprintf.a
LOAD d:/mounriver-mounriver_studio2/mounriver_studio2/resources/app/resources/win32/components/wch/toolchain/risc-v embedded gcc12/bin/../lib/gcc/riscv-wch-elf/12.2.0/rv32ec_zmmul_xw/ilp32e\libgcc.a
LOAD d:/mounriver-mounriver_studio2/mounriver_studio2/resources/app/resources/win32/components/wch/toolchain/risc-v embedded gcc12/bin/../lib/gcc/riscv-wch-elf/12.2.0/../../../../riscv-wch-elf/lib/rv32ec_zmmul_xw/ilp32e\libg_nano.a
LOAD d:/mounriver-mounriver_studio2/mounriver_studio2/resources/app/resources/win32/components/wch/toolchain/risc-v embedded gcc12/bin/../lib/gcc/riscv-wch-elf/12.2.0/../../../../riscv-wch-elf/lib/rv32ec_zmmul_xw/ilp32e\libc_nano.a
LOAD d:/mounriver-mounriver_studio2/mounriver_studio2/resources/app/resources/win32/components/wch/toolchain/risc-v embedded gcc12/bin/../lib/gcc/riscv-wch-elf/12.2.0/rv32ec_zmmul_xw/ilp32e\libgcc.a
START GROUP
LOAD d:/mounriver-mounriver_studio2/mounriver_studio2/resources/app/resources/win32/components/wch/toolchain/risc-v embedded gcc12/bin/../lib/gcc/riscv-wch-elf/12.2.0/rv32ec_zmmul_xw/ilp32e\libgcc.a
LOAD d:/mounriver-mounriver_studio2/mounriver_studio2/resources/app/resources/win32/components/wch/toolchain/risc-v embedded gcc12/bin/../lib/gcc/riscv-wch-elf/12.2.0/../../../../riscv-wch-elf/lib/rv32ec_zmmul_xw/ilp32e\libc_nano.a
LOAD d:/mounriver-mounriver_studio2/mounriver_studio2/resources/app/resources/win32/components/wch/toolchain/risc-v embedded gcc12/bin/../lib/gcc/riscv-wch-elf/12.2.0/../../../../riscv-wch-elf/lib/rv32ec_zmmul_xw/ilp32e\libnosys.a
END GROUP
START GROUP
LOAD d:/mounriver-mounriver_studio2/mounriver_studio2/resources/app/resources/win32/components/wch/toolchain/risc-v embedded gcc12/bin/../lib/gcc/riscv-wch-elf/12.2.0/rv32ec_zmmul_xw/ilp32e\libgcc.a
LOAD d:/mounriver-mounriver_studio2/mounriver_studio2/resources/app/resources/win32/components/wch/toolchain/risc-v embedded gcc12/bin/../lib/gcc/riscv-wch-elf/12.2.0/../../../../riscv-wch-elf/lib/rv32ec_zmmul_xw/ilp32e\libc_nano.a
LOAD d:/mounriver-mounriver_studio2/mounriver_studio2/resources/app/resources/win32/components/wch/toolchain/risc-v embedded gcc12/bin/../lib/gcc/riscv-wch-elf/12.2.0/../../../../riscv-wch-elf/lib/rv32ec_zmmul_xw/ilp32e\libnosys.a
END GROUP
                0x0000000000000200                __stack_size = 0x200
                [!provide]                        PROVIDE (_stack_size = __stack_size)

.init           0x0000000000000000       0xa8
                0x0000000000000000                _sinit = .
                0x0000000000000000                . = ALIGN (0x4)
 *(SORT_NONE(.init))
 .init          0x0000000000000000       0xa6 ./Startup/startup_ch32v00X.o
                0x0000000000000000                _start
                0x00000000000000a8                . = ALIGN (0x4)
 *fill*         0x00000000000000a6        0x2 
                0x00000000000000a8                _einit = .

.text           0x00000000000000a8      0xc3c
                0x00000000000000a8                . = ALIGN (0x4)
 *(.text)
 .text          0x00000000000000a8       0x14 d:/mounriver-mounriver_studio2/mounriver_studio2/resources/app/resources/win32/components/wch/toolchain/risc-v embedded gcc12/bin/../lib/gcc/riscv-wch-elf/12.2.0/rv32ec_zmmul_xw/ilp32e\libgcc.a(save-restore.o)
                0x00000000000000a8                __riscv_save_1
                0x00000000000000a8                __riscv_save_2
                0x00000000000000a8                __riscv_save_0
                0x00000000000000b2                __riscv_restore_0
                0x00000000000000b2                __riscv_restore_1
                0x00000000000000b2                __riscv_restore_2
 .text          0x00000000000000bc       0x7e d:/mounriver-mounriver_studio2/mounriver_studio2/resources/app/resources/win32/components/wch/toolchain/risc-v embedded gcc12/bin/../lib/gcc/riscv-wch-elf/12.2.0/rv32ec_zmmul_xw/ilp32e\libgcc.a(div.o)
                0x00000000000000bc                __divsi3
                0x00000000000000c4                __udivsi3
                0x00000000000000c4                __hidden___udivsi3
                0x00000000000000f0                __umodsi3
                0x0000000000000114                __modsi3
 *(.text.*)
 .text.__ring_pop.constprop.0
                0x000000000000013a       0x34 ./User/BLE.o
 .text.BLE_Init
                0x000000000000016e       0xce ./User/BLE.o
                0x000000000000016e                BLE_Init
 .text.USART2_IRQHandler
                0x000000000000023c       0xa8 ./User/BLE.o
                0x000000000000023c                USART2_IRQHandler
 .text.__ring_pop
                0x00000000000002e4       0x40 ./User/GPS.o
 .text.GPS_Init
                0x0000000000000324       0xa2 ./User/GPS.o
                0x0000000000000324                GPS_Init
 .text.USART1_IRQHandler
                0x00000000000003c6       0xa0 ./User/GPS.o
                0x00000000000003c6                USART1_IRQHandler
 .text.Tick_Init
                0x0000000000000466       0x32 ./User/Tick.o
                0x0000000000000466                Tick_Init
 .text.SysTick_Handler
                0x0000000000000498       0x16 ./User/Tick.o
                0x0000000000000498                SysTick_Handler
 .text.NMI_Handler
                0x00000000000004ae        0x2 ./User/ch32v00X_it.o
                0x00000000000004ae                NMI_Handler
 .text.HardFault_Handler
                0x00000000000004b0       0x10 ./User/ch32v00X_it.o
                0x00000000000004b0                HardFault_Handler
 .text.startup.main
                0x00000000000004c0       0x1a ./User/main.o
                0x00000000000004c0                main
 .text.SystemInit
                0x00000000000004da       0xc0 ./User/system_ch32v00X.o
                0x00000000000004da                SystemInit
 .text.SystemCoreClockUpdate
                0x000000000000059a       0x62 ./User/system_ch32v00X.o
                0x000000000000059a                SystemCoreClockUpdate
 .text.vector_handler
                0x00000000000005fc        0x2 ./Startup/startup_ch32v00X.o
                0x00000000000005fc                OPCM_IRQHandler
                0x00000000000005fc                TIM1_CC_IRQHandler
                0x00000000000005fc                PVD_IRQHandler
                0x00000000000005fc                SPI1_IRQHandler
                0x00000000000005fc                AWU_IRQHandler
                0x00000000000005fc                EXTI7_0_IRQHandler
                0x00000000000005fc                DMA1_Channel4_IRQHandler
                0x00000000000005fc                ADC1_IRQHandler
                0x00000000000005fc                DMA1_Channel7_IRQHandler
                0x00000000000005fc                I2C1_EV_IRQHandler
                0x00000000000005fc                DMA1_Channel6_IRQHandler
                0x00000000000005fc                RCC_IRQHandler
                0x00000000000005fc                TIM1_TRG_COM_IRQHandler
                0x00000000000005fc                DMA1_Channel1_IRQHandler
                0x00000000000005fc                DMA1_Channel5_IRQHandler
                0x00000000000005fc                DMA1_Channel3_IRQHandler
                0x00000000000005fc                TIM1_UP_IRQHandler
                0x00000000000005fc                WWDG_IRQHandler
                0x00000000000005fc                TIM2_IRQHandler
                0x00000000000005fc                SW_Handler
                0x00000000000005fc                TIM1_BRK_IRQHandler
                0x00000000000005fc                DMA1_Channel2_IRQHandler
                0x00000000000005fc                FLASH_IRQHandler
                0x00000000000005fc                I2C1_ER_IRQHandler
 .text.handle_reset
                0x00000000000005fe       0x8a ./Startup/startup_ch32v00X.o
                0x00000000000005fe                handle_reset
 .text.GPIO_Init
                0x0000000000000688       0x76 ./Peripheral/src/ch32v00X_gpio.o
                0x0000000000000688                GPIO_Init
 .text.GPIO_WriteBit
                0x00000000000006fe        0xa ./Peripheral/src/ch32v00X_gpio.o
                0x00000000000006fe                GPIO_WriteBit
 .text.GPIO_PinRemapConfig
                0x0000000000000708       0xa2 ./Peripheral/src/ch32v00X_gpio.o
                0x0000000000000708                GPIO_PinRemapConfig
 .text.GPIO_IPD_Unused
                0x00000000000007aa      0x2de ./Peripheral/src/ch32v00X_gpio.o
                0x00000000000007aa                GPIO_IPD_Unused
 .text.NVIC_PriorityGroupConfig
                0x0000000000000a88        0x6 ./Peripheral/src/ch32v00X_misc.o
                0x0000000000000a88                NVIC_PriorityGroupConfig
 .text.NVIC_Init
                0x0000000000000a8e       0x62 ./Peripheral/src/ch32v00X_misc.o
                0x0000000000000a8e                NVIC_Init
 .text.RCC_GetClocksFreq
                0x0000000000000af0       0xa2 ./Peripheral/src/ch32v00X_rcc.o
                0x0000000000000af0                RCC_GetClocksFreq
 .text.RCC_PB2PeriphClockCmd
                0x0000000000000b92       0x1e ./Peripheral/src/ch32v00X_rcc.o
                0x0000000000000b92                RCC_PB2PeriphClockCmd
 .text.USART_Init
                0x0000000000000bb0       0x9a ./Peripheral/src/ch32v00X_usart.o
                0x0000000000000bb0                USART_Init
 .text.USART_Cmd
                0x0000000000000c4a       0x14 ./Peripheral/src/ch32v00X_usart.o
                0x0000000000000c4a                USART_Cmd
 .text.USART_ITConfig
                0x0000000000000c5e       0x38 ./Peripheral/src/ch32v00X_usart.o
                0x0000000000000c5e                USART_ITConfig
 .text.USART_SendData
                0x0000000000000c96        0x8 ./Peripheral/src/ch32v00X_usart.o
                0x0000000000000c96                USART_SendData
 .text.USART_ReceiveData
                0x0000000000000c9e        0x8 ./Peripheral/src/ch32v00X_usart.o
                0x0000000000000c9e                USART_ReceiveData
 .text.USART_GetITStatus
                0x0000000000000ca6       0x3c ./Peripheral/src/ch32v00X_usart.o
                0x0000000000000ca6                USART_GetITStatus
 *(.rodata)
 *(.rodata*)
 *(.gnu.linkonce.t.*)
                0x0000000000000ce4                . = ALIGN (0x4)
 *fill*         0x0000000000000ce2        0x2 

.rela.dyn       0x0000000000000ce4        0x0
 .rela.init     0x0000000000000ce4        0x0 ./User/BLE.o
 .rela.text.handle_reset
                0x0000000000000ce4        0x0 ./User/BLE.o

.fini           0x0000000000000ce4        0x0
 *(SORT_NONE(.fini))
                0x0000000000000ce4                . = ALIGN (0x4)
                [!provide]                        PROVIDE (_etext = .)
                [!provide]                        PROVIDE (_eitcm = .)

.preinit_array  0x0000000000000ce4        0x0
                [!provide]                        PROVIDE (__preinit_array_start = .)
 *(.preinit_array)
                [!provide]                        PROVIDE (__preinit_array_end = .)

.init_array     0x0000000000000ce4        0x0
                [!provide]                        PROVIDE (__init_array_start = .)
 *(SORT_BY_INIT_PRIORITY(.init_array.*) SORT_BY_INIT_PRIORITY(.ctors.*))
 *(.init_array EXCLUDE_FILE(*crtend?.o *crtend.o *crtbegin?.o *crtbegin.o) .ctors)
                [!provide]                        PROVIDE (__init_array_end = .)

.fini_array     0x0000000000000ce4        0x0
                [!provide]                        PROVIDE (__fini_array_start = .)
 *(SORT_BY_INIT_PRIORITY(.fini_array.*) SORT_BY_INIT_PRIORITY(.dtors.*))
 *(.fini_array EXCLUDE_FILE(*crtend?.o *crtend.o *crtbegin?.o *crtbegin.o) .dtors)
                [!provide]                        PROVIDE (__fini_array_end = .)

.ctors
 *crtbegin.o(.ctors)
 *crtbegin?.o(.ctors)
 *(EXCLUDE_FILE(*crtend?.o *crtend.o) .ctors)
 *(SORT_BY_NAME(.ctors.*))
 *(.ctors)

.dtors
 *crtbegin.o(.dtors)
 *crtbegin?.o(.dtors)
 *(EXCLUDE_FILE(*crtend?.o *crtend.o) .dtors)
 *(SORT_BY_NAME(.dtors.*))
 *(.dtors)

.dalign         0x0000000020000000        0x0 load address 0x0000000000000ce4
                0x0000000020000000                . = ALIGN (0x4)
                0x0000000020000000                PROVIDE (_data_vma = .)

.dlalign        0x0000000000000ce4        0x0
                0x0000000000000ce4                . = ALIGN (0x4)
                0x0000000000000ce4                PROVIDE (_data_lma = .)

.data           0x0000000020000000       0x38 load address 0x0000000000000ce4
                0x0000000020000000                . = ALIGN (0x4)
 *(.gnu.linkonce.r.*)
 *(.data .data.*)
 .data.HBPrescTable
                0x0000000020000000       0x10 ./User/system_ch32v00X.o
                0x0000000020000000                HBPrescTable
 .data.SystemCoreClock
                0x0000000020000010        0x4 ./User/system_ch32v00X.o
                0x0000000020000010                SystemCoreClock
 .data.ADCPrescTable
                0x0000000020000014       0x14 ./Peripheral/src/ch32v00X_rcc.o
 .data.PBHBPrescTable
                0x0000000020000028       0x10 ./Peripheral/src/ch32v00X_rcc.o
 *(.gnu.linkonce.d.*)
                0x0000000020000038                . = ALIGN (0x8)
                0x0000000020000838                PROVIDE (__global_pointer$ = (. + 0x800))
 *(.sdata .sdata.*)
 *(.sdata2*)
 *(.gnu.linkonce.s.*)
                0x0000000020000038                . = ALIGN (0x8)
 *(.srodata.cst16)
 *(.srodata.cst8)
 *(.srodata.cst4)
 *(.srodata.cst2)
 *(.srodata .srodata.*)
                0x0000000020000038                . = ALIGN (0x4)
                0x0000000020000038                PROVIDE (_edata = .)

.bss            0x0000000020000038      0x62c load address 0x0000000000000d1c
                0x0000000020000038                . = ALIGN (0x4)
                0x0000000020000038                PROVIDE (_sbss = .)
 *(.sbss*)
 *(.gnu.linkonce.sb.*)
 *(.bss*)
 .bss.ble_tx_busy
                0x0000000020000038        0x1 ./User/BLE.o
 *fill*         0x0000000020000039        0x3 
 .bss.ble_tx_ring
                0x000000002000003c      0x106 ./User/BLE.o
 *fill*         0x0000000020000142        0x2 
 .bss.ble_rx_ring
                0x0000000020000144      0x106 ./User/BLE.o
 .bss.gps_tx_busy
                0x000000002000024a        0x1 ./User/GPS.o
 *fill*         0x000000002000024b        0x1 
 .bss.gps_tx_ring
                0x000000002000024c      0x206 ./User/GPS.o
 *fill*         0x0000000020000452        0x2 
 .bss.gps_rx_ring
                0x0000000020000454      0x206 ./User/GPS.o
 *fill*         0x000000002000065a        0x2 
 .bss.tick_ms   0x000000002000065c        0x4 ./User/Tick.o
                0x000000002000065c                tick_ms
 .bss.NVIC_Priority_Group
                0x0000000020000660        0x4 ./Peripheral/src/ch32v00X_misc.o
                0x0000000020000660                NVIC_Priority_Group
 *(.gnu.linkonce.b.*)
 *(COMMON*)
                0x0000000020000664                . = ALIGN (0x4)
                0x0000000020000664                PROVIDE (_ebss = .)
                0x0000000020000664                PROVIDE (_end = _ebss)
                [!provide]                        PROVIDE (end = .)

.stack          0x0000000020001600      0x200
                0x0000000020001600                PROVIDE (_heap_end = .)
                0x0000000020001600                . = ALIGN (0x4)
                [!provide]                        PROVIDE (_susrstack = .)
                0x0000000020001800                . = (. + __stack_size)
 *fill*         0x0000000020001600      0x200 
                0x0000000020001800                PROVIDE (_eusrstack = .)
OUTPUT(0000----CH32V005F6P6-power-board-ble-pmos.elf elf32-littleriscv)

.debug_info     0x0000000000000000     0x439a
 .debug_info    0x0000000000000000      0xc40 ./User/BLE.o
 .debug_info    0x0000000000000c40      0xb9e ./User/GPS.o
 .debug_info    0x00000000000017de      0x4ed ./User/Tick.o
 .debug_info    0x0000000000001ccb      0x2f5 ./User/ch32v00X_it.o
 .debug_info    0x0000000000001fc0      0x129 ./User/main.o
 .debug_info    0x00000000000020e9      0x328 ./User/system_ch32v00X.o
 .debug_info    0x0000000000002411       0x23 ./Startup/startup_ch32v00X.o
 .debug_info    0x0000000000002434      0x90a ./Peripheral/src/ch32v00X_gpio.o
 .debug_info    0x0000000000002d3e      0x4fe ./Peripheral/src/ch32v00X_misc.o
 .debug_info    0x000000000000323c      0x8d7 ./Peripheral/src/ch32v00X_rcc.o
 .debug_info    0x0000000000003b13      0x887 ./Peripheral/src/ch32v00X_usart.o

.debug_abbrev   0x0000000000000000     0x1335
 .debug_abbrev  0x0000000000000000      0x31e ./User/BLE.o
 .debug_abbrev  0x000000000000031e      0x311 ./User/GPS.o
 .debug_abbrev  0x000000000000062f      0x1e5 ./User/Tick.o
 .debug_abbrev  0x0000000000000814       0xfe ./User/ch32v00X_it.o
 .debug_abbrev  0x0000000000000912       0xc2 ./User/main.o
 .debug_abbrev  0x00000000000009d4      0x164 ./User/system_ch32v00X.o
 .debug_abbrev  0x0000000000000b38       0x12 ./Startup/startup_ch32v00X.o
 .debug_abbrev  0x0000000000000b4a      0x1f0 ./Peripheral/src/ch32v00X_gpio.o
 .debug_abbrev  0x0000000000000d3a      0x1c0 ./Peripheral/src/ch32v00X_misc.o
 .debug_abbrev  0x0000000000000efa      0x23c ./Peripheral/src/ch32v00X_rcc.o
 .debug_abbrev  0x0000000000001136      0x1ff ./Peripheral/src/ch32v00X_usart.o

.debug_loclists
                0x0000000000000000     0x1766
 .debug_loclists
                0x0000000000000000      0x27e ./User/BLE.o
 .debug_loclists
                0x000000000000027e      0x2e3 ./User/GPS.o
 .debug_loclists
                0x0000000000000561       0x4c ./User/Tick.o
 .debug_loclists
                0x00000000000005ad       0x91 ./User/system_ch32v00X.o
 .debug_loclists
                0x000000000000063e      0x6e0 ./Peripheral/src/ch32v00X_gpio.o
 .debug_loclists
                0x0000000000000d1e       0x3e ./Peripheral/src/ch32v00X_misc.o
 .debug_loclists
                0x0000000000000d5c      0x413 ./Peripheral/src/ch32v00X_rcc.o
 .debug_loclists
                0x000000000000116f      0x5f7 ./Peripheral/src/ch32v00X_usart.o

.debug_aranges  0x0000000000000000      0x448
 .debug_aranges
                0x0000000000000000       0x70 ./User/BLE.o
 .debug_aranges
                0x0000000000000070       0x70 ./User/GPS.o
 .debug_aranges
                0x00000000000000e0       0x38 ./User/Tick.o
 .debug_aranges
                0x0000000000000118       0x28 ./User/ch32v00X_it.o
 .debug_aranges
                0x0000000000000140       0x20 ./User/main.o
 .debug_aranges
                0x0000000000000160       0x28 ./User/system_ch32v00X.o
 .debug_aranges
                0x0000000000000188       0x30 ./Startup/startup_ch32v00X.o
 .debug_aranges
                0x00000000000001b8       0x98 ./Peripheral/src/ch32v00X_gpio.o
 .debug_aranges
                0x0000000000000250       0x28 ./Peripheral/src/ch32v00X_misc.o
 .debug_aranges
                0x0000000000000278      0x108 ./Peripheral/src/ch32v00X_rcc.o
 .debug_aranges
                0x0000000000000380       0xc8 ./Peripheral/src/ch32v00X_usart.o

.debug_rnglists
                0x0000000000000000      0x54c
 .debug_rnglists
                0x0000000000000000       0xeb ./User/BLE.o
 .debug_rnglists
                0x00000000000000eb       0xeb ./User/GPS.o
 .debug_rnglists
                0x00000000000001d6       0x31 ./User/Tick.o
 .debug_rnglists
                0x0000000000000207       0x1f ./User/ch32v00X_it.o
 .debug_rnglists
                0x0000000000000226       0x16 ./User/main.o
 .debug_rnglists
                0x000000000000023c       0x1f ./User/system_ch32v00X.o
 .debug_rnglists
                0x000000000000025b       0x21 ./Startup/startup_ch32v00X.o
 .debug_rnglists
                0x000000000000027c       0x9d ./Peripheral/src/ch32v00X_gpio.o
 .debug_rnglists
                0x0000000000000319       0x45 ./Peripheral/src/ch32v00X_misc.o
 .debug_rnglists
                0x000000000000035e      0x11b ./Peripheral/src/ch32v00X_rcc.o
 .debug_rnglists
                0x0000000000000479       0xd3 ./Peripheral/src/ch32v00X_usart.o

.debug_line     0x0000000000000000     0x43c2
 .debug_line    0x0000000000000000      0x8e8 ./User/BLE.o
 .debug_line    0x00000000000008e8      0x8ac ./User/GPS.o
 .debug_line    0x0000000000001194      0x1f9 ./User/Tick.o
 .debug_line    0x000000000000138d       0xdb ./User/ch32v00X_it.o
 .debug_line    0x0000000000001468       0xde ./User/main.o
 .debug_line    0x0000000000001546      0x41b ./User/system_ch32v00X.o
 .debug_line    0x0000000000001961      0x10e ./Startup/startup_ch32v00X.o
 .debug_line    0x0000000000001a6f      0xec3 ./Peripheral/src/ch32v00X_gpio.o
 .debug_line    0x0000000000002932      0x1d7 ./Peripheral/src/ch32v00X_misc.o
 .debug_line    0x0000000000002b09      0xe41 ./Peripheral/src/ch32v00X_rcc.o
 .debug_line    0x000000000000394a      0xa78 ./Peripheral/src/ch32v00X_usart.o

.debug_str      0x0000000000000000     0x11fa
 .debug_str     0x0000000000000000      0x769 ./User/BLE.o
                                        0x7d0 (size before relaxing)
 .debug_str     0x0000000000000769       0xb3 ./User/GPS.o
                                        0x79b (size before relaxing)
 .debug_str     0x000000000000081c       0xeb ./User/Tick.o
                                        0x463 (size before relaxing)
 .debug_str     0x0000000000000907       0x2f ./User/ch32v00X_it.o
                                        0x267 (size before relaxing)
 .debug_str     0x0000000000000936       0x34 ./User/main.o
                                        0x1d7 (size before relaxing)
 .debug_str     0x000000000000096a       0xbd ./User/system_ch32v00X.o
                                        0x2df (size before relaxing)
 .debug_str     0x0000000000000a27       0x64 ./Startup/startup_ch32v00X.o
 .debug_str     0x0000000000000a8b      0x19f ./Peripheral/src/ch32v00X_gpio.o
                                        0x509 (size before relaxing)
 .debug_str     0x0000000000000c2a       0x61 ./Peripheral/src/ch32v00X_misc.o
                                        0x4fd (size before relaxing)
 .debug_str     0x0000000000000c8b      0x353 ./Peripheral/src/ch32v00X_rcc.o
                                        0x64c (size before relaxing)
 .debug_str     0x0000000000000fde      0x21c ./Peripheral/src/ch32v00X_usart.o
                                        0x5eb (size before relaxing)

.debug_line_str
                0x0000000000000000      0x3e0
 .debug_line_str
                0x0000000000000000      0x26c ./User/BLE.o
                                        0x2bd (size before relaxing)
 .debug_line_str
                0x000000000000026c        0xe ./User/GPS.o
                                        0x2bd (size before relaxing)
 .debug_line_str
                0x000000000000027a       0x63 ./User/Tick.o
                                        0x2d4 (size before relaxing)
 .debug_line_str
                0x00000000000002dd       0x16 ./User/ch32v00X_it.o
                                        0x245 (size before relaxing)
 .debug_line_str
                0x00000000000002f3       0x1b ./User/main.o
                                        0x2e5 (size before relaxing)
 .debug_line_str
                0x000000000000030e       0x1a ./User/system_ch32v00X.o
                                        0x2b6 (size before relaxing)
 .debug_line_str
                0x0000000000000328       0x1e ./Startup/startup_ch32v00X.o
                                         0x6b (size before relaxing)
 .debug_line_str
                0x0000000000000346       0x34 ./Peripheral/src/ch32v00X_gpio.o
                                        0x2ce (size before relaxing)
 .debug_line_str
                0x000000000000037a       0x22 ./Peripheral/src/ch32v00X_misc.o
                                        0x2bf (size before relaxing)
 .debug_line_str
                0x000000000000039c       0x21 ./Peripheral/src/ch32v00X_rcc.o
                                        0x2bb (size before relaxing)
 .debug_line_str
                0x00000000000003bd       0x23 ./Peripheral/src/ch32v00X_usart.o
                                        0x2d2 (size before relaxing)

.comment        0x0000000000000000       0x31
 .comment       0x0000000000000000       0x31 ./User/BLE.o
                                         0x32 (size before relaxing)
 .comment       0x0000000000000031       0x32 ./User/GPS.o
 .comment       0x0000000000000031       0x32 ./User/Tick.o
 .comment       0x0000000000000031       0x32 ./User/ch32v00X_it.o
 .comment       0x0000000000000031       0x32 ./User/main.o
 .comment       0x0000000000000031       0x32 ./User/system_ch32v00X.o
 .comment       0x0000000000000031       0x32 ./Peripheral/src/ch32v00X_gpio.o
 .comment       0x0000000000000031       0x32 ./Peripheral/src/ch32v00X_misc.o
 .comment       0x0000000000000031       0x32 ./Peripheral/src/ch32v00X_rcc.o
 .comment       0x0000000000000031       0x32 ./Peripheral/src/ch32v00X_usart.o

.riscv.attributes
                0x0000000000000000       0x30
 .riscv.attributes
                0x0000000000000000       0x30 ./User/BLE.o
 .riscv.attributes
                0x0000000000000030       0x30 ./User/GPS.o
 .riscv.attributes
                0x0000000000000060       0x30 ./User/Tick.o
 .riscv.attributes
                0x0000000000000090       0x30 ./User/ch32v00X_it.o
 .riscv.attributes
                0x00000000000000c0       0x30 ./User/main.o
 .riscv.attributes
                0x00000000000000f0       0x30 ./User/system_ch32v00X.o
 .riscv.attributes
                0x0000000000000120       0x2e ./Startup/startup_ch32v00X.o
 .riscv.attributes
                0x000000000000014e       0x30 ./Peripheral/src/ch32v00X_gpio.o
 .riscv.attributes
                0x000000000000017e       0x30 ./Peripheral/src/ch32v00X_misc.o
 .riscv.attributes
                0x00000000000001ae       0x30 ./Peripheral/src/ch32v00X_rcc.o
 .riscv.attributes
                0x00000000000001de       0x30 ./Peripheral/src/ch32v00X_usart.o
 .riscv.attributes
                0x000000000000020e       0x2e d:/mounriver-mounriver_studio2/mounriver_studio2/resources/app/resources/win32/components/wch/toolchain/risc-v embedded gcc12/bin/../lib/gcc/riscv-wch-elf/12.2.0/rv32ec_zmmul_xw/ilp32e\libgcc.a(save-restore.o)
 .riscv.attributes
                0x000000000000023c       0x2e d:/mounriver-mounriver_studio2/mounriver_studio2/resources/app/resources/win32/components/wch/toolchain/risc-v embedded gcc12/bin/../lib/gcc/riscv-wch-elf/12.2.0/rv32ec_zmmul_xw/ilp32e\libgcc.a(div.o)

.debug_frame    0x0000000000000000      0x8a0
 .debug_frame   0x0000000000000000      0x134 ./User/BLE.o
 .debug_frame   0x0000000000000134      0x140 ./User/GPS.o
 .debug_frame   0x0000000000000274       0x5c ./User/Tick.o
 .debug_frame   0x00000000000002d0       0x30 ./User/ch32v00X_it.o
 .debug_frame   0x0000000000000300       0x28 ./User/main.o
 .debug_frame   0x0000000000000328       0x4c ./User/system_ch32v00X.o
 .debug_frame   0x0000000000000374      0x158 ./Peripheral/src/ch32v00X_gpio.o
 .debug_frame   0x00000000000004cc       0x30 ./Peripheral/src/ch32v00X_misc.o
 .debug_frame   0x00000000000004fc      0x210 ./Peripheral/src/ch32v00X_rcc.o
 .debug_frame   0x000000000000070c      0x194 ./Peripheral/src/ch32v00X_usart.o
